INFO 13:02:20.087106 Snake ID: ca46ba77-77e7-4dc1-86c6-7046f19cd361 URL: http://127.0.0.1:34321, Name: "Rule-based agent"
INFO 13:02:20.089137 Ruleset: solo, Seed: 100
INFO 13:02:20.089169 Turn: 0, Snakes Alive: [Rule-based agent], Food: 2, Hazards: 0
INFO 13:02:20.103228 Turn: 1, Snakes Alive: [Rule-based agent], Food: 2, Hazards: 0
INFO 13:02:20.105462 Turn: 2, Snakes Alive: [Rule-based agent], Food: 2, Hazards: 0
INFO 13:02:20.107536 Turn: 3, Snakes Alive: [Rule-based agent], Food: 3, Hazards: 0
INFO 13:02:20.109619 Turn: 4, Snakes Alive: [Rule-based agent], Food: 3, Hazards: 0
INFO 13:02:20.111649 Turn: 5, Snakes Alive: [Rule-based agent], Food: 3, Hazards: 0
INFO 13:02:20.113659 Turn: 6, Snakes Alive: [Rule-based agent], Food: 3, Hazards: 0
INFO 13:02:20.115649 Turn: 7, Snakes Alive: [Rule-based agent], Food: 4, Hazards: 0
INFO 13:02:20.117547 Turn: 8, Snakes Alive: [Rule-based agent], Food: 4, Hazards: 0
INFO 13:02:20.119901 Turn: 9, Snakes Alive: [Rule-based agent], Food: 5, Hazards: 0
INFO 13:02:20.122035 Turn: 10, Snakes Alive: [Rule-based agent], Food: 5, Hazards: 0
INFO 13:02:20.124005 Turn: 11, Snakes Alive: [Rule-based agent], Food: 5, Hazards: 0
INFO 13:02:20.126246 Turn: 12, Snakes Alive: [Rule-based agent], Food: 5, Hazards: 0
INFO 13:02:20.128251 Turn: 13, Snakes Alive: [Rule-based agent], Food: 6, Hazards: 0
INFO 13:02:20.130505 Turn: 14, Snakes Alive: [Rule-based agent], Food: 7, Hazards: 0
INFO 13:02:20.132653 Turn: 15, Snakes Alive: [Rule-based agent], Food: 7, Hazards: 0
INFO 13:02:20.134591 Turn: 16, Snakes Alive: [Rule-based agent], Food: 7, Hazards: 0
INFO 13:02:20.137166 Turn: 17, Snakes Alive: [Rule-based agent], Food: 8, Hazards: 0
INFO 13:02:20.139292 Turn: 18, Snakes Alive: [Rule-based agent], Food: 8, Hazards: 0
INFO 13:02:20.141268 Turn: 19, Snakes Alive: [Rule-based agent], Food: 8, Hazards: 0
INFO 13:02:20.143582 Turn: 20, Snakes Alive: [Rule-based agent], Food: 8, Hazards: 0
INFO 13:02:20.145783 Turn: 21, Snakes Alive: [Rule-based agent], Food: 8, Hazards: 0
INFO 13:02:20.147706 Turn: 22, Snakes Alive: [Rule-based agent], Food: 8, Hazards: 0
INFO 13:02:20.149636 Turn: 23, Snakes Alive: [Rule-based agent], Food: 9, Hazards: 0
INFO 13:02:20.151897 Turn: 24, Snakes Alive: [Rule-based agent], Food: 9, Hazards: 0
INFO 13:02:20.154808 Turn: 25, Snakes Alive: [Rule-based agent], Food: 10, Hazards: 0
INFO 13:02:20.156973 Turn: 26, Snakes Alive: [Rule-based agent], Food: 11, Hazards: 0
INFO 13:02:20.159426 Turn: 27, Snakes Alive: [Rule-based agent], Food: 12, Hazards: 0
INFO 13:02:20.161537 Turn: 28, Snakes Alive: [Rule-based agent], Food: 12, Hazards: 0
INFO 13:02:20.163550 Turn: 29, Snakes Alive: [Rule-based agent], Food: 12, Hazards: 0
INFO 13:02:20.165572 Turn: 30, Snakes Alive: [Rule-based agent], Food: 13, Hazards: 0
INFO 13:02:20.167767 Turn: 31, Snakes Alive: [Rule-based agent], Food: 13, Hazards: 0
INFO 13:02:20.169999 Turn: 32, Snakes Alive: [Rule-based agent], Food: 13, Hazards: 0
INFO 13:02:20.172366 Turn: 33, Snakes Alive: [Rule-based agent], Food: 14, Hazards: 0
INFO 13:02:20.174852 Turn: 34, Snakes Alive: [Rule-based agent], Food: 14, Hazards: 0
INFO 13:02:20.176947 Turn: 35, Snakes Alive: [Rule-based agent], Food: 14, Hazards: 0
INFO 13:02:20.179805 Turn: 36, Snakes Alive: [Rule-based agent], Food: 14, Hazards: 0
INFO 13:02:20.181995 Turn: 37, Snakes Alive: [Rule-based agent], Food: 14, Hazards: 0
INFO 13:02:20.184279 Turn: 38, Snakes Alive: [Rule-based agent], Food: 14, Hazards: 0
INFO 13:02:20.186605 Turn: 39, Snakes Alive: [Rule-based agent], Food: 14, Hazards: 0
INFO 13:02:20.188875 Turn: 40, Snakes Alive: [Rule-based agent], Food: 14, Hazards: 0
INFO 13:02:20.190925 Turn: 41, Snakes Alive: [Rule-based agent], Food: 14, Hazards: 0
INFO 13:02:20.193515 Turn: 42, Snakes Alive: [Rule-based agent], Food: 14, Hazards: 0
INFO 13:02:20.195949 Turn: 43, Snakes Alive: [Rule-based agent], Food: 14, Hazards: 0
INFO 13:02:20.197953 Turn: 44, Snakes Alive: [Rule-based agent], Food: 13, Hazards: 0
INFO 13:02:20.200428 Turn: 45, Snakes Alive: [Rule-based agent], Food: 13, Hazards: 0
INFO 13:02:20.202768 Turn: 46, Snakes Alive: [Rule-based agent], Food: 13, Hazards: 0
INFO 13:02:20.204964 Turn: 47, Snakes Alive: [Rule-based agent], Food: 13, Hazards: 0
INFO 13:02:20.207043 Turn: 48, Snakes Alive: [Rule-based agent], Food: 13, Hazards: 0
INFO 13:02:20.209200 Turn: 49, Snakes Alive: [Rule-based agent], Food: 13, Hazards: 0
INFO 13:02:20.211917 Turn: 50, Snakes Alive: [Rule-based agent], Food: 13, Hazards: 0
INFO 13:02:20.214174 Turn: 51, Snakes Alive: [Rule-based agent], Food: 13, Hazards: 0
INFO 13:02:20.216368 Turn: 52, Snakes Alive: [Rule-based agent], Food: 13, Hazards: 0
INFO 13:02:20.218793 Turn: 53, Snakes Alive: [Rule-based agent], Food: 13, Hazards: 0
INFO 13:02:20.221587 Turn: 54, Snakes Alive: [Rule-based agent], Food: 14, Hazards: 0
INFO 13:02:20.223698 Turn: 55, Snakes Alive: [Rule-based agent], Food: 14, Hazards: 0
INFO 13:02:20.226028 Turn: 56, Snakes Alive: [Rule-based agent], Food: 15, Hazards: 0
INFO 13:02:20.228454 Turn: 57, Snakes Alive: [Rule-based agent], Food: 15, Hazards: 0
INFO 13:02:20.230765 Turn: 58, Snakes Alive: [Rule-based agent], Food: 16, Hazards: 0
INFO 13:02:20.233295 Turn: 59, Snakes Alive: [Rule-based agent], Food: 16, Hazards: 0
INFO 13:02:20.235839 Turn: 60, Snakes Alive: [Rule-based agent], Food: 16, Hazards: 0
INFO 13:02:20.237976 Turn: 61, Snakes Alive: [Rule-based agent], Food: 16, Hazards: 0
INFO 13:02:20.240114 Turn: 62, Snakes Alive: [Rule-based agent], Food: 16, Hazards: 0
INFO 13:02:20.242502 Turn: 63, Snakes Alive: [Rule-based agent], Food: 16, Hazards: 0
INFO 13:02:20.245109 Turn: 64, Snakes Alive: [Rule-based agent], Food: 15, Hazards: 0
INFO 13:02:20.247455 Turn: 65, Snakes Alive: [Rule-based agent], Food: 14, Hazards: 0
INFO 13:02:20.249854 Turn: 66, Snakes Alive: [Rule-based agent], Food: 14, Hazards: 0
INFO 13:02:20.252207 Turn: 67, Snakes Alive: [Rule-based agent], Food: 14, Hazards: 0
INFO 13:02:20.254560 Turn: 68, Snakes Alive: [Rule-based agent], Food: 14, Hazards: 0
INFO 13:02:20.256726 Turn: 69, Snakes Alive: [Rule-based agent], Food: 14, Hazards: 0
INFO 13:02:20.259141 Turn: 70, Snakes Alive: [Rule-based agent], Food: 14, Hazards: 0
INFO 13:02:20.261954 Turn: 71, Snakes Alive: [Rule-based agent], Food: 14, Hazards: 0
INFO 13:02:20.264205 Turn: 72, Snakes Alive: [Rule-based agent], Food: 14, Hazards: 0
INFO 13:02:20.266528 Turn: 73, Snakes Alive: [Rule-based agent], Food: 15, Hazards: 0
INFO 13:02:20.272264 Turn: 74, Snakes Alive: [Rule-based agent], Food: 15, Hazards: 0
INFO 13:02:20.274715 Turn: 75, Snakes Alive: [Rule-based agent], Food: 15, Hazards: 0
INFO 13:02:20.277153 Turn: 76, Snakes Alive: [Rule-based agent], Food: 15, Hazards: 0
INFO 13:02:20.279394 Turn: 77, Snakes Alive: [Rule-based agent], Food: 16, Hazards: 0
INFO 13:02:20.281935 Turn: 78, Snakes Alive: [Rule-based agent], Food: 17, Hazards: 0
INFO 13:02:20.284420 Turn: 79, Snakes Alive: [Rule-based agent], Food: 16, Hazards: 0
INFO 13:02:20.287021 Turn: 80, Snakes Alive: [Rule-based agent], Food: 16, Hazards: 0
INFO 13:02:20.289387 Turn: 81, Snakes Alive: [Rule-based agent], Food: 17, Hazards: 0
INFO 13:02:20.292340 Turn: 82, Snakes Alive: [Rule-based agent], Food: 17, Hazards: 0
INFO 13:02:20.295119 Turn: 83, Snakes Alive: [Rule-based agent], Food: 17, Hazards: 0
INFO 13:02:20.297549 Turn: 84, Snakes Alive: [Rule-based agent], Food: 17, Hazards: 0
INFO 13:02:20.299788 Turn: 85, Snakes Alive: [Rule-based agent], Food: 17, Hazards: 0
INFO 13:02:20.302029 Turn: 86, Snakes Alive: [Rule-based agent], Food: 17, Hazards: 0
INFO 13:02:20.304754 Turn: 87, Snakes Alive: [Rule-based agent], Food: 17, Hazards: 0
INFO 13:02:20.307100 Turn: 88, Snakes Alive: [Rule-based agent], Food: 17, Hazards: 0
INFO 13:02:20.309443 Turn: 89, Snakes Alive: [Rule-based agent], Food: 17, Hazards: 0
INFO 13:02:20.312102 Turn: 90, Snakes Alive: [Rule-based agent], Food: 17, Hazards: 0
INFO 13:02:20.314275 Turn: 91, Snakes Alive: [Rule-based agent], Food: 17, Hazards: 0
INFO 13:02:20.316504 Turn: 92, Snakes Alive: [Rule-based agent], Food: 16, Hazards: 0
INFO 13:02:20.318796 Turn: 93, Snakes Alive: [Rule-based agent], Food: 16, Hazards: 0
INFO 13:02:20.321219 Turn: 94, Snakes Alive: [Rule-based agent], Food: 16, Hazards: 0
INFO 13:02:20.323533 Turn: 95, Snakes Alive: [Rule-based agent], Food: 15, Hazards: 0
INFO 13:02:20.326011 Turn: 96, Snakes Alive: [Rule-based agent], Food: 14, Hazards: 0
INFO 13:02:20.328548 Turn: 97, Snakes Alive: [Rule-based agent], Food: 14, Hazards: 0
INFO 13:02:20.330867 Turn: 98, Snakes Alive: [Rule-based agent], Food: 14, Hazards: 0
INFO 13:02:20.333116 Turn: 99, Snakes Alive: [Rule-based agent], Food: 13, Hazards: 0
INFO 13:02:20.335586 Turn: 100, Snakes Alive: [Rule-based agent], Food: 13, Hazards: 0
INFO 13:02:20.337864 Turn: 101, Snakes Alive: [Rule-based agent], Food: 13, Hazards: 0
INFO 13:02:20.340204 Turn: 102, Snakes Alive: [Rule-based agent], Food: 13, Hazards: 0
INFO 13:02:20.342673 Turn: 103, Snakes Alive: [Rule-based agent], Food: 13, Hazards: 0
INFO 13:02:20.345269 Turn: 104, Snakes Alive: [Rule-based agent], Food: 13, Hazards: 0
INFO 13:02:20.347625 Turn: 105, Snakes Alive: [Rule-based agent], Food: 13, Hazards: 0
INFO 13:02:20.349964 Turn: 106, Snakes Alive: [Rule-based agent], Food: 14, Hazards: 0
INFO 13:02:20.352658 Turn: 107, Snakes Alive: [Rule-based agent], Food: 14, Hazards: 0
INFO 13:02:20.355214 Turn: 108, Snakes Alive: [Rule-based agent], Food: 13, Hazards: 0
INFO 13:02:20.357672 Turn: 109, Snakes Alive: [Rule-based agent], Food: 13, Hazards: 0
INFO 13:02:20.360398 Turn: 110, Snakes Alive: [Rule-based agent], Food: 13, Hazards: 0
INFO 13:02:20.363001 Turn: 111, Snakes Alive: [Rule-based agent], Food: 13, Hazards: 0
INFO 13:02:20.365317 Turn: 112, Snakes Alive: [Rule-based agent], Food: 13, Hazards: 0
INFO 13:02:20.367542 Turn: 113, Snakes Alive: [Rule-based agent], Food: 13, Hazards: 0
INFO 13:02:20.370184 Turn: 114, Snakes Alive: [Rule-based agent], Food: 13, Hazards: 0
INFO 13:02:20.372444 Turn: 115, Snakes Alive: [Rule-based agent], Food: 13, Hazards: 0
INFO 13:02:20.374725 Turn: 116, Snakes Alive: [Rule-based agent], Food: 13, Hazards: 0
INFO 13:02:20.377240 Turn: 117, Snakes Alive: [Rule-based agent], Food: 13, Hazards: 0
INFO 13:02:20.379781 Turn: 118, Snakes Alive: [], Food: 13, Hazards: 0
INFO 13:02:20.381108 Game completed after 119 turns.
INFO 13:02:20.430447 Snake ID: 0367a34a-9ab6-4f2c-a464-b769ef25be9e URL: http://127.0.0.1:34321, Name: "Rule-based agent"
INFO 13:02:20.432222 Ruleset: solo, Seed: 101
INFO 13:02:20.432245 Turn: 0, Snakes Alive: [Rule-based agent], Food: 2, Hazards: 0
INFO 13:02:20.444582 Turn: 1, Snakes Alive: [Rule-based agent], Food: 2, Hazards: 0
INFO 13:02:20.446857 Turn: 2, Snakes Alive: [Rule-based agent], Food: 2, Hazards: 0
INFO 13:02:20.448779 Turn: 3, Snakes Alive: [Rule-based agent], Food: 2, Hazards: 0
INFO 13:02:20.451053 Turn: 4, Snakes Alive: [Rule-based agent], Food: 2, Hazards: 0
INFO 13:02:20.453388 Turn: 5, Snakes Alive: [Rule-based agent], Food: 2, Hazards: 0
INFO 13:02:20.455515 Turn: 6, Snakes Alive: [Rule-based agent], Food: 3, Hazards: 0
INFO 13:02:20.457469 Turn: 7, Snakes Alive: [Rule-based agent], Food: 3, Hazards: 0
INFO 13:02:20.459589 Turn: 8, Snakes Alive: [Rule-based agent], Food: 4, Hazards: 0
INFO 13:02:20.461780 Turn: 9, Snakes Alive: [Rule-based agent], Food: 4, Hazards: 0
INFO 13:02:20.463730 Turn: 10, Snakes Alive: [Rule-based agent], Food: 4, Hazards: 0
INFO 13:02:20.465626 Turn: 11, Snakes Alive: [Rule-based agent], Food: 4, Hazards: 0
INFO 13:02:20.467675 Turn: 12, Snakes Alive: [Rule-based agent], Food: 5, Hazards: 0
INFO 13:02:20.469846 Turn: 13, Snakes Alive: [Rule-based agent], Food: 6, Hazards: 0
INFO 13:02:20.472042 Turn: 14, Snakes Alive: [Rule-based agent], Food: 6, Hazards: 0
INFO 13:02:20.474066 Turn: 15, Snakes Alive: [Rule-based agent], Food: 6, Hazards: 0
INFO 13:02:20.476271 Turn: 16, Snakes Alive: [Rule-based agent], Food: 7, Hazards: 0
INFO 13:02:20.478812 Turn: 17, Snakes Alive: [Rule-based agent], Food: 7, Hazards: 0
INFO 13:02:20.480911 Turn: 18, Snakes Alive: [Rule-based agent], Food: 7, Hazards: 0
INFO 13:02:20.483092 Turn: 19, Snakes Alive: [Rule-based agent], Food: 7, Hazards: 0
INFO 13:02:20.485281 Turn: 20, Snakes Alive: [Rule-based agent], Food: 6, Hazards: 0
INFO 13:02:20.487730 Turn: 21, Snakes Alive: [Rule-based agent], Food: 6, Hazards: 0
INFO 13:02:20.489783 Turn: 22, Snakes Alive: [Rule-based agent], Food: 7, Hazards: 0
INFO 13:02:20.491833 Turn: 23, Snakes Alive: [Rule-based agent], Food: 7, Hazards: 0
INFO 13:02:20.494071 Turn: 24, Snakes Alive: [Rule-based agent], Food: 8, Hazards: 0
INFO 13:02:20.496207 Turn: 25, Snakes Alive: [Rule-based agent], Food: 8, Hazards: 0
INFO 13:02:20.498265 Turn: 26, Snakes Alive: [Rule-based agent], Food: 9, Hazards: 0
INFO 13:02:20.500222 Turn: 27, Snakes Alive: [Rule-based agent], Food: 9, Hazards: 0
INFO 13:02:20.502565 Turn: 28, Snakes Alive: [Rule-based agent], Food: 9, Hazards: 0
INFO 13:02:20.504710 Turn: 29, Snakes Alive: [Rule-based agent], Food: 10, Hazards: 0
INFO 13:02:20.506785 Turn: 30, Snakes Alive: [Rule-based agent], Food: 10, Hazards: 0
INFO 13:02:20.508992 Turn: 31, Snakes Alive: [Rule-based agent], Food: 10, Hazards: 0
INFO 13:02:20.511217 Turn: 32, Snakes Alive: [Rule-based agent], Food: 10, Hazards: 0
INFO 13:02:20.513299 Turn: 33, Snakes Alive: [Rule-based agent], Food: 10, Hazards: 0
INFO 13:02:20.515462 Turn: 34, Snakes Alive: [Rule-based agent], Food: 10, Hazards: 0
INFO 13:02:20.517884 Turn: 35, Snakes Alive: [Rule-based agent], Food: 10, Hazards: 0
INFO 13:02:20.520204 Turn: 36, Snakes Alive: [Rule-based agent], Food: 10, Hazards: 0
INFO 13:02:20.522401 Turn: 37, Snakes Alive: [Rule-based agent], Food: 10, Hazards: 0
INFO 13:02:20.524458 Turn: 38, Snakes Alive: [Rule-based agent], Food: 10, Hazards: 0
INFO 13:02:20.526709 Turn: 39, Snakes Alive: [Rule-based agent], Food: 10, Hazards: 0
INFO 13:02:20.528927 Turn: 40, Snakes Alive: [Rule-based agent], Food: 10, Hazards: 0
INFO 13:02:20.531079 Turn: 41, Snakes Alive: [Rule-based agent], Food: 10, Hazards: 0
INFO 13:02:20.533227 Turn: 42, Snakes Alive: [Rule-based agent], Food: 10, Hazards: 0
INFO 13:02:20.535521 Turn: 43, Snakes Alive: [Rule-based agent], Food: 10, Hazards: 0
INFO 13:02:20.537844 Turn: 44, Snakes Alive: [Rule-based agent], Food: 10, Hazards: 0
INFO 13:02:20.540015 Turn: 45, Snakes Alive: [Rule-based agent], Food: 10, Hazards: 0
INFO 13:02:20.542303 Turn: 46, Snakes Alive: [Rule-based agent], Food: 10, Hazards: 0
INFO 13:02:20.544933 Turn: 47, Snakes Alive: [Rule-based agent], Food: 10, Hazards: 0
INFO 13:02:20.547022 Turn: 48, Snakes Alive: [Rule-based agent], Food: 10, Hazards: 0
INFO 13:02:20.549135 Turn: 49, Snakes Alive: [Rule-based agent], Food: 11, Hazards: 0
INFO 13:02:20.551407 Turn: 50, Snakes Alive: [Rule-based agent], Food: 11, Hazards: 0
INFO 13:02:20.553730 Turn: 51, Snakes Alive: [Rule-based agent], Food: 11, Hazards: 0
INFO 13:02:20.555913 Turn: 52, Snakes Alive: [Rule-based agent], Food: 11, Hazards: 0
INFO 13:02:20.562002 Turn: 53, Snakes Alive: [Rule-based agent], Food: 12, Hazards: 0
INFO 13:02:20.565015 Turn: 54, Snakes Alive: [Rule-based agent], Food: 12, Hazards: 0
INFO 13:02:20.567338 Turn: 55, Snakes Alive: [Rule-based agent], Food: 13, Hazards: 0
INFO 13:02:20.569979 Turn: 56, Snakes Alive: [Rule-based agent], Food: 13, Hazards: 0
INFO 13:02:20.572654 Turn: 57, Snakes Alive: [Rule-based agent], Food: 14, Hazards: 0
INFO 13:02:20.574873 Turn: 58, Snakes Alive: [Rule-based agent], Food: 14, Hazards: 0
INFO 13:02:20.577048 Turn: 59, Snakes Alive: [Rule-based agent], Food: 14, Hazards: 0
INFO 13:02:20.579352 Turn: 60, Snakes Alive: [Rule-based agent], Food: 14, Hazards: 0
INFO 13:02:20.581480 Turn: 61, Snakes Alive: [Rule-based agent], Food: 14, Hazards: 0
INFO 13:02:20.583730 Turn: 62, Snakes Alive: [Rule-based agent], Food: 14, Hazards: 0
INFO 13:02:20.586323 Turn: 63, Snakes Alive: [Rule-based agent], Food: 14, Hazards: 0
INFO 13:02:20.588436 Turn: 64, Snakes Alive: [Rule-based agent], Food: 14, Hazards: 0
INFO 13:02:20.590607 Turn: 65, Snakes Alive: [Rule-based agent], Food: 14, Hazards: 0
INFO 13:02:20.592827 Turn: 66, Snakes Alive: [Rule-based agent], Food: 14, Hazards: 0
INFO 13:02:20.594898 Turn: 67, Snakes Alive: [Rule-based agent], Food: 14, Hazards: 0
INFO 13:02:20.597775 Turn: 68, Snakes Alive: [Rule-based agent], Food: 14, Hazards: 0
INFO 13:02:20.600461 Turn: 69, Snakes Alive: [Rule-based agent], Food: 13, Hazards: 0
INFO 13:02:20.603198 Turn: 70, Snakes Alive: [Rule-based agent], Food: 13, Hazards: 0
INFO 13:02:20.605489 Turn: 71, Snakes Alive: [Rule-based agent], Food: 13, Hazards: 0
INFO 13:02:20.607781 Turn: 72, Snakes Alive: [Rule-based agent], Food: 14, Hazards: 0
INFO 13:02:20.610055 Turn: 73, Snakes Alive: [Rule-based agent], Food: 14, Hazards: 0
INFO 13:02:20.612220 Turn: 74, Snakes Alive: [Rule-based agent], Food: 14, Hazards: 0
INFO 13:02:20.614942 Turn: 75, Snakes Alive: [Rule-based agent], Food: 13, Hazards: 0
INFO 13:02:20.617233 Turn: 76, Snakes Alive: [Rule-based agent], Food: 14, Hazards: 0
INFO 13:02:20.619860 Turn: 77, Snakes Alive: [Rule-based agent], Food: 14, Hazards: 0
INFO 13:02:20.622158 Turn: 78, Snakes Alive: [Rule-based agent], Food: 14, Hazards: 0
INFO 13:02:20.624425 Turn: 79, Snakes Alive: [Rule-based agent], Food: 13, Hazards: 0
INFO 13:02:20.629321 Turn: 80, Snakes Alive: [Rule-based agent], Food: 14, Hazards: 0
INFO 13:02:20.631829 Turn: 81, Snakes Alive: [Rule-based agent], Food: 14, Hazards: 0
INFO 13:02:20.634299 Turn: 82, Snakes Alive: [Rule-based agent], Food: 14, Hazards: 0
INFO 13:02:20.636819 Turn: 83, Snakes Alive: [Rule-based agent], Food: 14, Hazards: 0
INFO 13:02:20.639150 Turn: 84, Snakes Alive: [Rule-based agent], Food: 14, Hazards: 0
INFO 13:02:20.641456 Turn: 85, Snakes Alive: [Rule-based agent], Food: 14, Hazards: 0
INFO 13:02:20.644030 Turn: 86, Snakes Alive: [Rule-based agent], Food: 14, Hazards: 0
INFO 13:02:20.646245 Turn: 87, Snakes Alive: [Rule-based agent], Food: 14, Hazards: 0
INFO 13:02:20.648480 Turn: 88, Snakes Alive: [Rule-based agent], Food: 13, Hazards: 0
INFO 13:02:20.650534 Turn: 89, Snakes Alive: [Rule-based agent], Food: 13, Hazards: 0
INFO 13:02:20.652861 Turn: 90, Snakes Alive: [Rule-based agent], Food: 13, Hazards: 0
INFO 13:02:20.655124 Turn: 91, Snakes Alive: [Rule-based agent], Food: 13, Hazards: 0
INFO 13:02:20.657340 Turn: 92, Snakes Alive: [Rule-based agent], Food: 13, Hazards: 0
INFO 13:02:20.659672 Turn: 93, Snakes Alive: [Rule-based agent], Food: 12, Hazards: 0
INFO 13:02:20.662223 Turn: 94, Snakes Alive: [Rule-based agent], Food: 11, Hazards: 0
INFO 13:02:20.664536 Turn: 95, Snakes Alive: [Rule-based agent], Food: 11, Hazards: 0
INFO 13:02:20.667047 Turn: 96, Snakes Alive: [Rule-based agent], Food: 11, Hazards: 0
INFO 13:02:20.670434 Turn: 97, Snakes Alive: [Rule-based agent], Food: 11, Hazards: 0
INFO 13:02:20.673114 Turn: 98, Snakes Alive: [Rule-based agent], Food: 11, Hazards: 0
INFO 13:02:20.675715 Turn: 99, Snakes Alive: [Rule-based agent], Food: 10, Hazards: 0
INFO 13:02:20.678106 Turn: 100, Snakes Alive: [Rule-based agent], Food: 10, Hazards: 0
INFO 13:02:20.681028 Turn: 101, Snakes Alive: [Rule-based agent], Food: 10, Hazards: 0
INFO 13:02:20.683434 Turn: 102, Snakes Alive: [Rule-based agent], Food: 10, Hazards: 0
INFO 13:02:20.687031 Turn: 103, Snakes Alive: [Rule-based agent], Food: 10, Hazards: 0
INFO 13:02:20.689537 Turn: 104, Snakes Alive: [Rule-based agent], Food: 10, Hazards: 0
INFO 13:02:20.692263 Turn: 105, Snakes Alive: [Rule-based agent], Food: 11, Hazards: 0
INFO 13:02:20.694646 Turn: 106, Snakes Alive: [Rule-based agent], Food: 11, Hazards: 0
INFO 13:02:20.697070 Turn: 107, Snakes Alive: [Rule-based agent], Food: 11, Hazards: 0
INFO 13:02:20.699535 Turn: 108, Snakes Alive: [Rule-based agent], Food: 11, Hazards: 0
INFO 13:02:20.703173 Turn: 109, Snakes Alive: [Rule-based agent], Food: 10, Hazards: 0
INFO 13:02:20.705621 Turn: 110, Snakes Alive: [Rule-based agent], Food: 10, Hazards: 0
INFO 13:02:20.707928 Turn: 111, Snakes Alive: [Rule-based agent], Food: 10, Hazards: 0
INFO 13:02:20.710810 Turn: 112, Snakes Alive: [Rule-based agent], Food: 10, Hazards: 0
INFO 13:02:20.713122 Turn: 113, Snakes Alive: [Rule-based agent], Food: 10, Hazards: 0
INFO 13:02:20.715536 Turn: 114, Snakes Alive: [Rule-based agent], Food: 10, Hazards: 0
INFO 13:02:20.717853 Turn: 115, Snakes Alive: [Rule-based agent], Food: 10, Hazards: 0
INFO 13:02:20.720634 Turn: 116, Snakes Alive: [Rule-based agent], Food: 10, Hazards: 0
INFO 13:02:20.722955 Turn: 117, Snakes Alive: [Rule-based agent], Food: 10, Hazards: 0
INFO 13:02:20.725141 Turn: 118, Snakes Alive: [Rule-based agent], Food: 10, Hazards: 0
INFO 13:02:20.727452 Turn: 119, Snakes Alive: [Rule-based agent], Food: 10, Hazards: 0
INFO 13:02:20.730173 Turn: 120, Snakes Alive: [Rule-based agent], Food: 10, Hazards: 0
INFO 13:02:20.732387 Turn: 121, Snakes Alive: [Rule-based agent], Food: 10, Hazards: 0
INFO 13:02:20.734831 Turn: 122, Snakes Alive: [Rule-based agent], Food: 10, Hazards: 0
INFO 13:02:20.737303 Turn: 123, Snakes Alive: [Rule-based agent], Food: 10, Hazards: 0
INFO 13:02:20.739500 Turn: 124, Snakes Alive: [Rule-based agent], Food: 10, Hazards: 0
INFO 13:02:20.741696 Turn: 125, Snakes Alive: [Rule-based agent], Food: 10, Hazards: 0
INFO 13:02:20.744123 Turn: 126, Snakes Alive: [Rule-based agent], Food: 10, Hazards: 0
INFO 13:02:20.746449 Turn: 127, Snakes Alive: [Rule-based agent], Food: 10, Hazards: 0
INFO 13:02:20.748632 Turn: 128, Snakes Alive: [Rule-based agent], Food: 10, Hazards: 0
INFO 13:02:20.751432 Turn: 129, Snakes Alive: [Rule-based agent], Food: 11, Hazards: 0
INFO 13:02:20.753835 Turn: 130, Snakes Alive: [Rule-based agent], Food: 11, Hazards: 0
INFO 13:02:20.756361 Turn: 131, Snakes Alive: [Rule-based agent], Food: 11, Hazards: 0
INFO 13:02:20.758711 Turn: 132, Snakes Alive: [Rule-based agent], Food: 11, Hazards: 0
INFO 13:02:20.761028 Turn: 133, Snakes Alive: [Rule-based agent], Food: 11, Hazards: 0
INFO 13:02:20.763447 Turn: 134, Snakes Alive: [Rule-based agent], Food: 11, Hazards: 0
INFO 13:02:20.765734 Turn: 135, Snakes Alive: [Rule-based agent], Food: 11, Hazards: 0
INFO 13:02:20.768042 Turn: 136, Snakes Alive: [Rule-based agent], Food: 10, Hazards: 0
INFO 13:02:20.770799 Turn: 137, Snakes Alive: [Rule-based agent], Food: 10, Hazards: 0
INFO 13:02:20.773000 Turn: 138, Snakes Alive: [Rule-based agent], Food: 10, Hazards: 0
INFO 13:02:20.775440 Turn: 139, Snakes Alive: [Rule-based agent], Food: 9, Hazards: 0
INFO 13:02:20.777877 Turn: 140, Snakes Alive: [Rule-based agent], Food: 9, Hazards: 0
INFO 13:02:20.780320 Turn: 141, Snakes Alive: [Rule-based agent], Food: 9, Hazards: 0
INFO 13:02:20.782717 Turn: 142, Snakes Alive: [Rule-based agent], Food: 9, Hazards: 0
INFO 13:02:20.784986 Turn: 143, Snakes Alive: [Rule-based agent], Food: 9, Hazards: 0
INFO 13:02:20.787540 Turn: 144, Snakes Alive: [Rule-based agent], Food: 9, Hazards: 0
INFO 13:02:20.789810 Turn: 145, Snakes Alive: [Rule-based agent], Food: 9, Hazards: 0
INFO 13:02:20.792570 Turn: 146, Snakes Alive: [Rule-based agent], Food: 9, Hazards: 0
INFO 13:02:20.794872 Turn: 147, Snakes Alive: [Rule-based agent], Food: 9, Hazards: 0
INFO 13:02:20.797171 Turn: 148, Snakes Alive: [Rule-based agent], Food: 10, Hazards: 0
INFO 13:02:20.799603 Turn: 149, Snakes Alive: [Rule-based agent], Food: 10, Hazards: 0
INFO 13:02:20.802382 Turn: 150, Snakes Alive: [Rule-based agent], Food: 10, Hazards: 0
INFO 13:02:20.804884 Turn: 151, Snakes Alive: [Rule-based agent], Food: 10, Hazards: 0
INFO 13:02:20.807268 Turn: 152, Snakes Alive: [Rule-based agent], Food: 10, Hazards: 0
INFO 13:02:20.809683 Turn: 153, Snakes Alive: [Rule-based agent], Food: 10, Hazards: 0
INFO 13:02:20.811996 Turn: 154, Snakes Alive: [Rule-based agent], Food: 9, Hazards: 0
INFO 13:02:20.814458 Turn: 155, Snakes Alive: [Rule-based agent], Food: 9, Hazards: 0
INFO 13:02:20.817152 Turn: 156, Snakes Alive: [Rule-based agent], Food: 9, Hazards: 0
INFO 13:02:20.819659 Turn: 157, Snakes Alive: [Rule-based agent], Food: 9, Hazards: 0
INFO 13:02:20.821831 Turn: 158, Snakes Alive: [Rule-based agent], Food: 9, Hazards: 0
INFO 13:02:20.824179 Turn: 159, Snakes Alive: [Rule-based agent], Food: 9, Hazards: 0
INFO 13:02:20.827625 Turn: 160, Snakes Alive: [Rule-based agent], Food: 9, Hazards: 0
INFO 13:02:20.830167 Turn: 161, Snakes Alive: [Rule-based agent], Food: 9, Hazards: 0
INFO 13:02:20.832982 Turn: 162, Snakes Alive: [], Food: 9, Hazards: 0
INFO 13:02:20.834368 Game completed after 163 turns.
INFO 13:02:20.898722 Snake ID: 10491ba5-d6fc-42c1-a706-85ab174d6436 URL: http://127.0.0.1:34321, Name: "Rule-based agent"
INFO 13:02:20.900695 Ruleset: solo, Seed: 102
INFO 13:02:20.900729 Turn: 0, Snakes Alive: [Rule-based agent], Food: 2, Hazards: 0
INFO 13:02:20.912912 Turn: 1, Snakes Alive: [Rule-based agent], Food: 3, Hazards: 0
INFO 13:02:20.915682 Turn: 2, Snakes Alive: [Rule-based agent], Food: 3, Hazards: 0
INFO 13:02:20.917903 Turn: 3, Snakes Alive: [Rule-based agent], Food: 3, Hazards: 0
INFO 13:02:20.920192 Turn: 4, Snakes Alive: [Rule-based agent], Food: 3, Hazards: 0
INFO 13:02:20.922168 Turn: 5, Snakes Alive: [Rule-based agent], Food: 4, Hazards: 0
INFO 13:02:20.924030 Turn: 6, Snakes Alive: [Rule-based agent], Food: 4, Hazards: 0
INFO 13:02:20.926360 Turn: 7, Snakes Alive: [Rule-based agent], Food: 5, Hazards: 0
INFO 13:02:20.928639 Turn: 8, Snakes Alive: [Rule-based agent], Food: 5, Hazards: 0
INFO 13:02:20.930722 Turn: 9, Snakes Alive: [Rule-based agent], Food: 5, Hazards: 0
INFO 13:02:20.932601 Turn: 10, Snakes Alive: [Rule-based agent], Food: 5, Hazards: 0
INFO 13:02:20.934719 Turn: 11, Snakes Alive: [Rule-based agent], Food: 6, Hazards: 0
INFO 13:02:20.936969 Turn: 12, Snakes Alive: [Rule-based agent], Food: 7, Hazards: 0
INFO 13:02:20.938939 Turn: 13, Snakes Alive: [Rule-based agent], Food: 7, Hazards: 0
INFO 13:02:20.941023 Turn: 14, Snakes Alive: [Rule-based agent], Food: 7, Hazards: 0
INFO 13:02:20.943155 Turn: 15, Snakes Alive: [Rule-based agent], Food: 8, Hazards: 0
INFO 13:02:20.945039 Turn: 16, Snakes Alive: [Rule-based agent], Food: 8, Hazards: 0
INFO 13:02:20.947085 Turn: 17, Snakes Alive: [Rule-based agent], Food: 8, Hazards: 0
INFO 13:02:20.949383 Turn: 18, Snakes Alive: [Rule-based agent], Food: 8, Hazards: 0
INFO 13:02:20.951471 Turn: 19, Snakes Alive: [Rule-based agent], Food: 8, Hazards: 0
INFO 13:02:20.953668 Turn: 20, Snakes Alive: [Rule-based agent], Food: 8, Hazards: 0
INFO 13:02:20.955729 Turn: 21, Snakes Alive: [Rule-based agent], Food: 9, Hazards: 0
INFO 13:02:20.957981 Turn: 22, Snakes Alive: [Rule-based agent], Food: 9, Hazards: 0
INFO 13:02:20.960113 Turn: 23, Snakes Alive: [Rule-based agent], Food: 10, Hazards: 0
INFO 13:02:20.962153 Turn: 24, Snakes Alive: [Rule-based agent], Food: 11, Hazards: 0
INFO 13:02:20.964135 Turn: 25, Snakes Alive: [Rule-based agent], Food: 12, Hazards: 0
INFO 13:02:20.966091 Turn: 26, Snakes Alive: [Rule-based agent], Food: 12, Hazards: 0
INFO 13:02:20.968202 Turn: 27, Snakes Alive: [Rule-based agent], Food: 12, Hazards: 0
INFO 13:02:20.970475 Turn: 28, Snakes Alive: [Rule-based agent], Food: 13, Hazards: 0
INFO 13:02:20.972606 Turn: 29, Snakes Alive: [Rule-based agent], Food: 14, Hazards: 0
INFO 13:02:20.974682 Turn: 30, Snakes Alive: [Rule-based agent], Food: 14, Hazards: 0
INFO 13:02:20.976928 Turn: 31, Snakes Alive: [Rule-based agent], Food: 15, Hazards: 0
INFO 13:02:20.979269 Turn: 32, Snakes Alive: [Rule-based agent], Food: 15, Hazards: 0
INFO 13:02:20.981434 Turn: 33, Snakes Alive: [Rule-based agent], Food: 15, Hazards: 0
INFO 13:02:20.983543 Turn: 34, Snakes Alive: [Rule-based agent], Food: 15, Hazards: 0
INFO 13:02:20.985767 Turn: 35, Snakes Alive: [Rule-based agent], Food: 15, Hazards: 0
INFO 13:02:20.987857 Turn: 36, Snakes Alive: [Rule-based agent], Food: 15, Hazards: 0
INFO 13:02:20.990376 Turn: 37, Snakes Alive: [Rule-based agent], Food: 15, Hazards: 0
INFO 13:02:20.992574 Turn: 38, Snakes Alive: [Rule-based agent], Food: 15, Hazards: 0
INFO 13:02:20.994701 Turn: 39, Snakes Alive: [Rule-based agent], Food: 15, Hazards: 0
INFO 13:02:20.996902 Turn: 40, Snakes Alive: [Rule-based agent], Food: 15, Hazards: 0
INFO 13:02:20.999150 Turn: 41, Snakes Alive: [Rule-based agent], Food: 15, Hazards: 0
INFO 13:02:21.001426 Turn: 42, Snakes Alive: [Rule-based agent], Food: 15, Hazards: 0
INFO 13:02:21.003751 Turn: 43, Snakes Alive: [Rule-based agent], Food: 15, Hazards: 0
INFO 13:02:21.005849 Turn: 44, Snakes Alive: [Rule-based agent], Food: 15, Hazards: 0
INFO 13:02:21.007992 Turn: 45, Snakes Alive: [Rule-based agent], Food: 15, Hazards: 0
INFO 13:02:21.010667 Turn: 46, Snakes Alive: [Rule-based agent], Food: 14, Hazards: 0
INFO 13:02:21.012757 Turn: 47, Snakes Alive: [Rule-based agent], Food: 14, Hazards: 0
INFO 13:02:21.014922 Turn: 48, Snakes Alive: [Rule-based agent], Food: 15, Hazards: 0
INFO 13:02:21.017294 Turn: 49, Snakes Alive: [Rule-based agent], Food: 15, Hazards: 0
INFO 13:02:21.019586 Turn: 50, Snakes Alive: [Rule-based agent], Food: 15, Hazards: 0
INFO 13:02:21.022121 Turn: 51, Snakes Alive: [Rule-based agent], Food: 15, Hazards: 0
INFO 13:02:21.024404 Turn: 52, Snakes Alive: [Rule-based agent], Food: 15, Hazards: 0
INFO 13:02:21.026697 Turn: 53, Snakes Alive: [Rule-based agent], Food: 14, Hazards: 0
INFO 13:02:21.028886 Turn: 54, Snakes Alive: [Rule-based agent], Food: 15, Hazards: 0
INFO 13:02:21.031383 Turn: 55, Snakes Alive: [Rule-based agent], Food: 15, Hazards: 0
INFO 13:02:21.033635 Turn: 56, Snakes Alive: [Rule-based agent], Food: 16, Hazards: 0
INFO 13:02:21.036087 Turn: 57, Snakes Alive: [Rule-based agent], Food: 16, Hazards: 0
INFO 13:02:21.038374 Turn: 58, Snakes Alive: [Rule-based agent], Food: 16, Hazards: 0
INFO 13:02:21.040577 Turn: 59, Snakes Alive: [Rule-based agent], Food: 16, Hazards: 0
INFO 13:02:21.042731 Turn: 60, Snakes Alive: [Rule-based agent], Food: 16, Hazards: 0
INFO 13:02:21.045057 Turn: 61, Snakes Alive: [Rule-based agent], Food: 16, Hazards: 0
INFO 13:02:21.047359 Turn: 62, Snakes Alive: [Rule-based agent], Food: 16, Hazards: 0
INFO 13:02:21.049616 Turn: 63, Snakes Alive: [Rule-based agent], Food: 16, Hazards: 0
INFO 13:02:21.052033 Turn: 64, Snakes Alive: [Rule-based agent], Food: 16, Hazards: 0
INFO 13:02:21.054308 Turn: 65, Snakes Alive: [Rule-based agent], Food: 16, Hazards: 0
INFO 13:02:21.056366 Turn: 66, Snakes Alive: [Rule-based agent], Food: 16, Hazards: 0
INFO 13:02:21.058766 Turn: 67, Snakes Alive: [Rule-based agent], Food: 15, Hazards: 0
INFO 13:02:21.060981 Turn: 68, Snakes Alive: [Rule-based agent], Food: 15, Hazards: 0
INFO 13:02:21.063240 Turn: 69, Snakes Alive: [Rule-based agent], Food: 15, Hazards: 0
INFO 13:02:21.065580 Turn: 70, Snakes Alive: [Rule-based agent], Food: 15, Hazards: 0
INFO 13:02:21.067775 Turn: 71, Snakes Alive: [Rule-based agent], Food: 16, Hazards: 0
INFO 13:02:21.070326 Turn: 72, Snakes Alive: [Rule-based agent], Food: 16, Hazards: 0
INFO 13:02:21.072606 Turn: 73, Snakes Alive: [Rule-based agent], Food: 16, Hazards: 0
INFO 13:02:21.074872 Turn: 74, Snakes Alive: [Rule-based agent], Food: 15, Hazards: 0
INFO 13:02:21.077092 Turn: 75, Snakes Alive: [Rule-based agent], Food: 16, Hazards: 0
INFO 13:02:21.080215 Turn: 76, Snakes Alive: [Rule-based agent], Food: 17, Hazards: 0
INFO 13:02:21.082969 Turn: 77, Snakes Alive: [Rule-based agent], Food: 17, Hazards: 0
INFO 13:02:21.085564 Turn: 78, Snakes Alive: [Rule-based agent], Food: 17, Hazards: 0
INFO 13:02:21.087979 Turn: 79, Snakes Alive: [Rule-based agent], Food: 17, Hazards: 0
INFO 13:02:21.090394 Turn: 80, Snakes Alive: [Rule-based agent], Food: 17, Hazards: 0
INFO 13:02:21.093235 Turn: 81, Snakes Alive: [Rule-based agent], Food: 17, Hazards: 0
INFO 13:02:21.095686 Turn: 82, Snakes Alive: [Rule-based agent], Food: 17, Hazards: 0
INFO 13:02:21.097813 Turn: 83, Snakes Alive: [Rule-based agent], Food: 17, Hazards: 0
INFO 13:02:21.099998 Turn: 84, Snakes Alive: [Rule-based agent], Food: 17, Hazards: 0
INFO 13:02:21.102486 Turn: 85, Snakes Alive: [Rule-based agent], Food: 17, Hazards: 0
INFO 13:02:21.104778 Turn: 86, Snakes Alive: [Rule-based agent], Food: 17, Hazards: 0
INFO 13:02:21.107116 Turn: 87, Snakes Alive: [Rule-based agent], Food: 17, Hazards: 0
INFO 13:02:21.112428 Turn: 88, Snakes Alive: [Rule-based agent], Food: 17, Hazards: 0
INFO 13:02:21.114971 Turn: 89, Snakes Alive: [Rule-based agent], Food: 17, Hazards: 0
INFO 13:02:21.117440 Turn: 90, Snakes Alive: [Rule-based agent], Food: 17, Hazards: 0
INFO 13:02:21.120086 Turn: 91, Snakes Alive: [Rule-based agent], Food: 17, Hazards: 0
INFO 13:02:21.122894 Turn: 92, Snakes Alive: [Rule-based agent], Food: 17, Hazards: 0
INFO 13:02:21.125165 Turn: 93, Snakes Alive: [Rule-based agent], Food: 17, Hazards: 0
INFO 13:02:21.127561 Turn: 94, Snakes Alive: [Rule-based agent], Food: 17, Hazards: 0
INFO 13:02:21.129848 Turn: 95, Snakes Alive: [Rule-based agent], Food: 17, Hazards: 0
INFO 13:02:21.132226 Turn: 96, Snakes Alive: [Rule-based agent], Food: 17, Hazards: 0
INFO 13:02:21.134750 Turn: 97, Snakes Alive: [], Food: 17, Hazards: 0
INFO 13:02:21.136166 Game completed after 98 turns.
INFO 13:02:21.233196 Snake ID: 640e2844-0145-49be-8a25-4faef4942244 URL: http://127.0.0.1:34321, Name: "Rule-based agent"
INFO 13:02:21.234909 Ruleset: solo, Seed: 103
INFO 13:02:21.234967 Turn: 0, Snakes Alive: [Rule-based agent], Food: 2, Hazards: 0
INFO 13:02:21.247374 Turn: 1, Snakes Alive: [Rule-based agent], Food: 2, Hazards: 0
INFO 13:02:21.249357 Turn: 2, Snakes Alive: [Rule-based agent], Food: 1, Hazards: 0
INFO 13:02:21.251303 Turn: 3, Snakes Alive: [Rule-based agent], Food: 1, Hazards: 0
INFO 13:02:21.253635 Turn: 4, Snakes Alive: [Rule-based agent], Food: 2, Hazards: 0
INFO 13:02:21.255703 Turn: 5, Snakes Alive: [Rule-based agent], Food: 2, Hazards: 0
INFO 13:02:21.257617 Turn: 6, Snakes Alive: [Rule-based agent], Food: 3, Hazards: 0
INFO 13:02:21.259643 Turn: 7, Snakes Alive: [Rule-based agent], Food: 3, Hazards: 0
INFO 13:02:21.261924 Turn: 8, Snakes Alive: [Rule-based agent], Food: 3, Hazards: 0
INFO 13:02:21.264083 Turn: 9, Snakes Alive: [Rule-based agent], Food: 3, Hazards: 0
INFO 13:02:21.266416 Turn: 10, Snakes Alive: [Rule-based agent], Food: 4, Hazards: 0
INFO 13:02:21.268612 Turn: 11, Snakes Alive: [Rule-based agent], Food: 5, Hazards: 0
INFO 13:02:21.270866 Turn: 12, Snakes Alive: [Rule-based agent], Food: 5, Hazards: 0
INFO 13:02:21.272887 Turn: 13, Snakes Alive: [Rule-based agent], Food: 4, Hazards: 0
INFO 13:02:21.275179 Turn: 14, Snakes Alive: [Rule-based agent], Food: 5, Hazards: 0
INFO 13:02:21.277337 Turn: 15, Snakes Alive: [Rule-based agent], Food: 5, Hazards: 0
INFO 13:02:21.279381 Turn: 16, Snakes Alive: [Rule-based agent], Food: 5, Hazards: 0
INFO 13:02:21.281727 Turn: 17, Snakes Alive: [Rule-based agent], Food: 5, Hazards: 0
INFO 13:02:21.283833 Turn: 18, Snakes Alive: [Rule-based agent], Food: 5, Hazards: 0
INFO 13:02:21.286030 Turn: 19, Snakes Alive: [Rule-based agent], Food: 4, Hazards: 0
INFO 13:02:21.288059 Turn: 20, Snakes Alive: [Rule-based agent], Food: 5, Hazards: 0
INFO 13:02:21.289984 Turn: 21, Snakes Alive: [Rule-based agent], Food: 5, Hazards: 0
INFO 13:02:21.292218 Turn: 22, Snakes Alive: [Rule-based agent], Food: 6, Hazards: 0
INFO 13:02:21.294164 Turn: 23, Snakes Alive: [Rule-based agent], Food: 7, Hazards: 0
INFO 13:02:21.296283 Turn: 24, Snakes Alive: [Rule-based agent], Food: 8, Hazards: 0
INFO 13:02:21.298517 Turn: 25, Snakes Alive: [Rule-based agent], Food: 8, Hazards: 0
INFO 13:02:21.300685 Turn: 26, Snakes Alive: [Rule-based agent], Food: 8, Hazards: 0
INFO 13:02:21.303172 Turn: 27, Snakes Alive: [Rule-based agent], Food: 9, Hazards: 0
INFO 13:02:21.305896 Turn: 28, Snakes Alive: [Rule-based agent], Food: 10, Hazards: 0
INFO 13:02:21.308206 Turn: 29, Snakes Alive: [Rule-based agent], Food: 9, Hazards: 0
INFO 13:02:21.310292 Turn: 30, Snakes Alive: [Rule-based agent], Food: 10, Hazards: 0
INFO 13:02:21.312499 Turn: 31, Snakes Alive: [Rule-based agent], Food: 10, Hazards: 0
INFO 13:02:21.314611 Turn: 32, Snakes Alive: [Rule-based agent], Food: 10, Hazards: 0
INFO 13:02:21.316771 Turn: 33, Snakes Alive: [Rule-based agent], Food: 10, Hazards: 0
INFO 13:02:21.319236 Turn: 34, Snakes Alive: [Rule-based agent], Food: 10, Hazards: 0
INFO 13:02:21.321296 Turn: 35, Snakes Alive: [Rule-based agent], Food: 10, Hazards: 0
INFO 13:02:21.323471 Turn: 36, Snakes Alive: [Rule-based agent], Food: 10, Hazards: 0
INFO 13:02:21.325762 Turn: 37, Snakes Alive: [Rule-based agent], Food: 10, Hazards: 0
INFO 13:02:21.328011 Turn: 38, Snakes Alive: [Rule-based agent], Food: 9, Hazards: 0
INFO 13:02:21.330303 Turn: 39, Snakes Alive: [Rule-based agent], Food: 9, Hazards: 0
INFO 13:02:21.332492 Turn: 40, Snakes Alive: [Rule-based agent], Food: 9, Hazards: 0
INFO 13:02:21.334833 Turn: 41, Snakes Alive: [Rule-based agent], Food: 9, Hazards: 0
INFO 13:02:21.337166 Turn: 42, Snakes Alive: [Rule-based agent], Food: 9, Hazards: 0
INFO 13:02:21.339391 Turn: 43, Snakes Alive: [Rule-based agent], Food: 9, Hazards: 0
INFO 13:02:21.341780 Turn: 44, Snakes Alive: [Rule-based agent], Food: 9, Hazards: 0
INFO 13:02:21.344012 Turn: 45, Snakes Alive: [Rule-based agent], Food: 9, Hazards: 0
INFO 13:02:21.346199 Turn: 46, Snakes Alive: [Rule-based agent], Food: 9, Hazards: 0
INFO 13:02:21.348829 Turn: 47, Snakes Alive: [Rule-based agent], Food: 10, Hazards: 0
INFO 13:02:21.351145 Turn: 48, Snakes Alive: [Rule-based agent], Food: 10, Hazards: 0
INFO 13:02:21.353626 Turn: 49, Snakes Alive: [Rule-based agent], Food: 10, Hazards: 0
INFO 13:02:21.355728 Turn: 50, Snakes Alive: [Rule-based agent], Food: 10, Hazards: 0
INFO 13:02:21.357804 Turn: 51, Snakes Alive: [Rule-based agent], Food: 11, Hazards: 0
INFO 13:02:21.360078 Turn: 52, Snakes Alive: [Rule-based agent], Food: 11, Hazards: 0
INFO 13:02:21.362439 Turn: 53, Snakes Alive: [Rule-based agent], Food: 12, Hazards: 0
INFO 13:02:21.364631 Turn: 54, Snakes Alive: [Rule-based agent], Food: 12, Hazards: 0
INFO 13:02:21.366854 Turn: 55, Snakes Alive: [Rule-based agent], Food: 12, Hazards: 0
INFO 13:02:21.369268 Turn: 56, Snakes Alive: [Rule-based agent], Food: 12, Hazards: 0
INFO 13:02:21.371813 Turn: 57, Snakes Alive: [], Food: 12, Hazards: 0
INFO 13:02:21.373042 Game completed after 58 turns.
INFO 13:02:21.469739 Snake ID: 3848d310-6b2b-45cb-92e9-c4f16013c113 URL: http://127.0.0.1:34321, Name: "Rule-based agent"
INFO 13:02:21.472063 Ruleset: solo, Seed: 104
INFO 13:02:21.472133 Turn: 0, Snakes Alive: [Rule-based agent], Food: 2, Hazards: 0
INFO 13:02:21.486302 Turn: 1, Snakes Alive: [Rule-based agent], Food: 2, Hazards: 0
INFO 13:02:21.488596 Turn: 2, Snakes Alive: [Rule-based agent], Food: 1, Hazards: 0
INFO 13:02:21.490757 Turn: 3, Snakes Alive: [Rule-based agent], Food: 2, Hazards: 0
INFO 13:02:21.492895 Turn: 4, Snakes Alive: [Rule-based agent], Food: 2, Hazards: 0
INFO 13:02:21.494978 Turn: 5, Snakes Alive: [Rule-based agent], Food: 3, Hazards: 0
INFO 13:02:21.497085 Turn: 6, Snakes Alive: [Rule-based agent], Food: 3, Hazards: 0
INFO 13:02:21.499405 Turn: 7, Snakes Alive: [Rule-based agent], Food: 3, Hazards: 0
INFO 13:02:21.503563 Turn: 8, Snakes Alive: [Rule-based agent], Food: 3, Hazards: 0
INFO 13:02:21.505694 Turn: 9, Snakes Alive: [Rule-based agent], Food: 4, Hazards: 0
INFO 13:02:21.507741 Turn: 10, Snakes Alive: [Rule-based agent], Food: 5, Hazards: 0
INFO 13:02:21.510222 Turn: 11, Snakes Alive: [Rule-based agent], Food: 5, Hazards: 0
INFO 13:02:21.512333 Turn: 12, Snakes Alive: [Rule-based agent], Food: 5, Hazards: 0
INFO 13:02:21.514379 Turn: 13, Snakes Alive: [Rule-based agent], Food: 6, Hazards: 0
INFO 13:02:21.516305 Turn: 14, Snakes Alive: [Rule-based agent], Food: 6, Hazards: 0
INFO 13:02:21.519727 Turn: 15, Snakes Alive: [Rule-based agent], Food: 6, Hazards: 0
INFO 13:02:21.521825 Turn: 16, Snakes Alive: [Rule-based agent], Food: 6, Hazards: 0
INFO 13:02:21.523913 Turn: 17, Snakes Alive: [Rule-based agent], Food: 6, Hazards: 0
INFO 13:02:21.526252 Turn: 18, Snakes Alive: [Rule-based agent], Food: 6, Hazards: 0
INFO 13:02:21.528294 Turn: 19, Snakes Alive: [Rule-based agent], Food: 7, Hazards: 0
INFO 13:02:21.530524 Turn: 20, Snakes Alive: [Rule-based agent], Food: 7, Hazards: 0
INFO 13:02:21.532634 Turn: 21, Snakes Alive: [Rule-based agent], Food: 8, Hazards: 0
INFO 13:02:21.534735 Turn: 22, Snakes Alive: [Rule-based agent], Food: 9, Hazards: 0
INFO 13:02:21.537185 Turn: 23, Snakes Alive: [Rule-based agent], Food: 10, Hazards: 0
INFO 13:02:21.539391 Turn: 24, Snakes Alive: [Rule-based agent], Food: 10, Hazards: 0
INFO 13:02:21.541476 Turn: 25, Snakes Alive: [Rule-based agent], Food: 10, Hazards: 0
INFO 13:02:21.543565 Turn: 26, Snakes Alive: [Rule-based agent], Food: 11, Hazards: 0
INFO 13:02:21.545974 Turn: 27, Snakes Alive: [Rule-based agent], Food: 12, Hazards: 0
INFO 13:02:21.548105 Turn: 28, Snakes Alive: [Rule-based agent], Food: 12, Hazards: 0
INFO 13:02:21.550113 Turn: 29, Snakes Alive: [Rule-based agent], Food: 13, Hazards: 0
INFO 13:02:21.553162 Turn: 30, Snakes Alive: [Rule-based agent], Food: 13, Hazards: 0
INFO 13:02:21.555531 Turn: 31, Snakes Alive: [Rule-based agent], Food: 13, Hazards: 0
INFO 13:02:21.557660 Turn: 32, Snakes Alive: [Rule-based agent], Food: 13, Hazards: 0
INFO 13:02:21.559770 Turn: 33, Snakes Alive: [Rule-based agent], Food: 13, Hazards: 0
INFO 13:02:21.561761 Turn: 34, Snakes Alive: [Rule-based agent], Food: 13, Hazards: 0
INFO 13:02:21.563865 Turn: 35, Snakes Alive: [Rule-based agent], Food: 13, Hazards: 0
INFO 13:02:21.567230 Turn: 36, Snakes Alive: [Rule-based agent], Food: 13, Hazards: 0
INFO 13:02:21.570198 Turn: 37, Snakes Alive: [Rule-based agent], Food: 13, Hazards: 0
INFO 13:02:21.572365 Turn: 38, Snakes Alive: [Rule-based agent], Food: 13, Hazards: 0
INFO 13:02:21.574620 Turn: 39, Snakes Alive: [Rule-based agent], Food: 13, Hazards: 0
INFO 13:02:21.576730 Turn: 40, Snakes Alive: [Rule-based agent], Food: 12, Hazards: 0
INFO 13:02:21.578828 Turn: 41, Snakes Alive: [Rule-based agent], Food: 12, Hazards: 0
INFO 13:02:21.580920 Turn: 42, Snakes Alive: [Rule-based agent], Food: 12, Hazards: 0
INFO 13:02:21.583066 Turn: 43, Snakes Alive: [Rule-based agent], Food: 12, Hazards: 0
INFO 13:02:21.585292 Turn: 44, Snakes Alive: [Rule-based agent], Food: 12, Hazards: 0
INFO 13:02:21.587910 Turn: 45, Snakes Alive: [Rule-based agent], Food: 11, Hazards: 0
INFO 13:02:21.590003 Turn: 46, Snakes Alive: [Rule-based agent], Food: 12, Hazards: 0
INFO 13:02:21.592084 Turn: 47, Snakes Alive: [Rule-based agent], Food: 12, Hazards: 0
INFO 13:02:21.594247 Turn: 48, Snakes Alive: [Rule-based agent], Food: 12, Hazards: 0
INFO 13:02:21.596403 Turn: 49, Snakes Alive: [Rule-based agent], Food: 11, Hazards: 0
INFO 13:02:21.598567 Turn: 50, Snakes Alive: [Rule-based agent], Food: 11, Hazards: 0
INFO 13:02:21.600691 Turn: 51, Snakes Alive: [Rule-based agent], Food: 11, Hazards: 0
INFO 13:02:21.603096 Turn: 52, Snakes Alive: [Rule-based agent], Food: 12, Hazards: 0
INFO 13:02:21.605139 Turn: 53, Snakes Alive: [Rule-based agent], Food: 12, Hazards: 0
INFO 13:02:21.607539 Turn: 54, Snakes Alive: [Rule-based agent], Food: 13, Hazards: 0
INFO 13:02:21.609619 Turn: 55, Snakes Alive: [Rule-based agent], Food: 13, Hazards: 0
INFO 13:02:21.611733 Turn: 56, Snakes Alive: [Rule-based agent], Food: 13, Hazards: 0
INFO 13:02:21.614007 Turn: 57, Snakes Alive: [Rule-based agent], Food: 13, Hazards: 0
INFO 13:02:21.616485 Turn: 58, Snakes Alive: [Rule-based agent], Food: 13, Hazards: 0
INFO 13:02:21.619005 Turn: 59, Snakes Alive: [Rule-based agent], Food: 13, Hazards: 0
INFO 13:02:21.621894 Turn: 60, Snakes Alive: [Rule-based agent], Food: 13, Hazards: 0
INFO 13:02:21.623985 Turn: 61, Snakes Alive: [Rule-based agent], Food: 13, Hazards: 0
INFO 13:02:21.626998 Turn: 62, Snakes Alive: [Rule-based agent], Food: 13, Hazards: 0
INFO 13:02:21.629184 Turn: 63, Snakes Alive: [Rule-based agent], Food: 13, Hazards: 0
INFO 13:02:21.631454 Turn: 64, Snakes Alive: [Rule-based agent], Food: 13, Hazards: 0
INFO 13:02:21.633616 Turn: 65, Snakes Alive: [Rule-based agent], Food: 13, Hazards: 0
INFO 13:02:21.636088 Turn: 66, Snakes Alive: [Rule-based agent], Food: 12, Hazards: 0
INFO 13:02:21.638178 Turn: 67, Snakes Alive: [Rule-based agent], Food: 12, Hazards: 0
INFO 13:02:21.640326 Turn: 68, Snakes Alive: [Rule-based agent], Food: 12, Hazards: 0
INFO 13:02:21.642719 Turn: 69, Snakes Alive: [Rule-based agent], Food: 13, Hazards: 0
INFO 13:02:21.644882 Turn: 70, Snakes Alive: [Rule-based agent], Food: 13, Hazards: 0
INFO 13:02:21.647015 Turn: 71, Snakes Alive: [Rule-based agent], Food: 13, Hazards: 0
INFO 13:02:21.649308 Turn: 72, Snakes Alive: [Rule-based agent], Food: 13, Hazards: 0
INFO 13:02:21.652532 Turn: 73, Snakes Alive: [Rule-based agent], Food: 14, Hazards: 0
INFO 13:02:21.655741 Turn: 74, Snakes Alive: [Rule-based agent], Food: 15, Hazards: 0
INFO 13:02:21.658062 Turn: 75, Snakes Alive: [Rule-based agent], Food: 14, Hazards: 0
INFO 13:02:21.660396 Turn: 76, Snakes Alive: [Rule-based agent], Food: 14, Hazards: 0
INFO 13:02:21.663081 Turn: 77, Snakes Alive: [Rule-based agent], Food: 15, Hazards: 0
INFO 13:02:21.665400 Turn: 78, Snakes Alive: [Rule-based agent], Food: 15, Hazards: 0
INFO 13:02:21.667961 Turn: 79, Snakes Alive: [Rule-based agent], Food: 15, Hazards: 0
INFO 13:02:21.670333 Turn: 80, Snakes Alive: [Rule-based agent], Food: 14, Hazards: 0
INFO 13:02:21.672954 Turn: 81, Snakes Alive: [Rule-based agent], Food: 14, Hazards: 0
INFO 13:02:21.675349 Turn: 82, Snakes Alive: [Rule-based agent], Food: 14, Hazards: 0
INFO 13:02:21.677685 Turn: 83, Snakes Alive: [Rule-based agent], Food: 14, Hazards: 0
INFO 13:02:21.679844 Turn: 84, Snakes Alive: [Rule-based agent], Food: 14, Hazards: 0
INFO 13:02:21.682188 Turn: 85, Snakes Alive: [Rule-based agent], Food: 14, Hazards: 0
INFO 13:02:21.684714 Turn: 86, Snakes Alive: [Rule-based agent], Food: 14, Hazards: 0
INFO 13:02:21.687037 Turn: 87, Snakes Alive: [Rule-based agent], Food: 13, Hazards: 0
INFO 13:02:21.689240 Turn: 88, Snakes Alive: [Rule-based agent], Food: 13, Hazards: 0
INFO 13:02:21.691582 Turn: 89, Snakes Alive: [Rule-based agent], Food: 12, Hazards: 0
INFO 13:02:21.693809 Turn: 90, Snakes Alive: [Rule-based agent], Food: 12, Hazards: 0
INFO 13:02:21.696014 Turn: 91, Snakes Alive: [Rule-based agent], Food: 12, Hazards: 0
INFO 13:02:21.698335 Turn: 92, Snakes Alive: [Rule-based agent], Food: 12, Hazards: 0
INFO 13:02:21.700702 Turn: 93, Snakes Alive: [Rule-based agent], Food: 12, Hazards: 0
INFO 13:02:21.703040 Turn: 94, Snakes Alive: [Rule-based agent], Food: 12, Hazards: 0
INFO 13:02:21.705661 Turn: 95, Snakes Alive: [], Food: 12, Hazards: 0
INFO 13:02:21.707177 Game completed after 96 turns.
INFO 13:02:21.823617 Snake ID: 6f232284-e294-4f9c-bc67-6fd457d93753 URL: http://127.0.0.1:34321, Name: "Rule-based agent"
INFO 13:02:21.825821 Ruleset: solo, Seed: 105
INFO 13:02:21.825859 Turn: 0, Snakes Alive: [Rule-based agent], Food: 2, Hazards: 0
INFO 13:02:21.838172 Turn: 1, Snakes Alive: [Rule-based agent], Food: 2, Hazards: 0
INFO 13:02:21.840301 Turn: 2, Snakes Alive: [Rule-based agent], Food: 3, Hazards: 0
INFO 13:02:21.842349 Turn: 3, Snakes Alive: [Rule-based agent], Food: 3, Hazards: 0
INFO 13:02:21.844564 Turn: 4, Snakes Alive: [Rule-based agent], Food: 4, Hazards: 0
INFO 13:02:21.846622 Turn: 5, Snakes Alive: [Rule-based agent], Food: 4, Hazards: 0
INFO 13:02:21.848551 Turn: 6, Snakes Alive: [Rule-based agent], Food: 4, Hazards: 0
INFO 13:02:21.850648 Turn: 7, Snakes Alive: [Rule-based agent], Food: 4, Hazards: 0
INFO 13:02:21.852897 Turn: 8, Snakes Alive: [Rule-based agent], Food: 5, Hazards: 0
INFO 13:02:21.855115 Turn: 9, Snakes Alive: [Rule-based agent], Food: 6, Hazards: 0
INFO 13:02:21.856999 Turn: 10, Snakes Alive: [Rule-based agent], Food: 6, Hazards: 0
INFO 13:02:21.859024 Turn: 11, Snakes Alive: [Rule-based agent], Food: 6, Hazards: 0
INFO 13:02:21.861225 Turn: 12, Snakes Alive: [Rule-based agent], Food: 7, Hazards: 0
INFO 13:02:21.863224 Turn: 13, Snakes Alive: [Rule-based agent], Food: 7, Hazards: 0
INFO 13:02:21.865181 Turn: 14, Snakes Alive: [Rule-based agent], Food: 7, Hazards: 0
INFO 13:02:21.867291 Turn: 15, Snakes Alive: [Rule-based agent], Food: 7, Hazards: 0
INFO 13:02:21.869561 Turn: 16, Snakes Alive: [Rule-based agent], Food: 7, Hazards: 0
INFO 13:02:21.871768 Turn: 17, Snakes Alive: [Rule-based agent], Food: 7, Hazards: 0
INFO 13:02:21.873794 Turn: 18, Snakes Alive: [Rule-based agent], Food: 7, Hazards: 0
INFO 13:02:21.875858 Turn: 19, Snakes Alive: [Rule-based agent], Food: 7, Hazards: 0
INFO 13:02:21.878234 Turn: 20, Snakes Alive: [Rule-based agent], Food: 8, Hazards: 0
INFO 13:02:21.880210 Turn: 21, Snakes Alive: [Rule-based agent], Food: 9, Hazards: 0
INFO 13:02:21.882480 Turn: 22, Snakes Alive: [Rule-based agent], Food: 10, Hazards: 0
INFO 13:02:21.884647 Turn: 23, Snakes Alive: [Rule-based agent], Food: 10, Hazards: 0
INFO 13:02:21.887230 Turn: 24, Snakes Alive: [Rule-based agent], Food: 10, Hazards: 0
INFO 13:02:21.889252 Turn: 25, Snakes Alive: [Rule-based agent], Food: 11, Hazards: 0
INFO 13:02:21.891374 Turn: 26, Snakes Alive: [Rule-based agent], Food: 11, Hazards: 0
INFO 13:02:21.893516 Turn: 27, Snakes Alive: [Rule-based agent], Food: 11, Hazards: 0
INFO 13:02:21.896539 Turn: 28, Snakes Alive: [Rule-based agent], Food: 12, Hazards: 0
INFO 13:02:21.898718 Turn: 29, Snakes Alive: [Rule-based agent], Food: 12, Hazards: 0
INFO 13:02:21.901200 Turn: 30, Snakes Alive: [Rule-based agent], Food: 12, Hazards: 0
INFO 13:02:21.903988 Turn: 31, Snakes Alive: [Rule-based agent], Food: 12, Hazards: 0
INFO 13:02:21.906424 Turn: 32, Snakes Alive: [Rule-based agent], Food: 12, Hazards: 0
INFO 13:02:21.908600 Turn: 33, Snakes Alive: [Rule-based agent], Food: 12, Hazards: 0
INFO 13:02:21.910705 Turn: 34, Snakes Alive: [Rule-based agent], Food: 12, Hazards: 0
INFO 13:02:21.912722 Turn: 35, Snakes Alive: [Rule-based agent], Food: 12, Hazards: 0
INFO 13:02:21.914770 Turn: 36, Snakes Alive: [Rule-based agent], Food: 12, Hazards: 0
INFO 13:02:21.916901 Turn: 37, Snakes Alive: [Rule-based agent], Food: 12, Hazards: 0
INFO 13:02:21.919381 Turn: 38, Snakes Alive: [Rule-based agent], Food: 12, Hazards: 0
INFO 13:02:21.921475 Turn: 39, Snakes Alive: [Rule-based agent], Food: 12, Hazards: 0
INFO 13:02:21.923478 Turn: 40, Snakes Alive: [Rule-based agent], Food: 12, Hazards: 0
INFO 13:02:21.925658 Turn: 41, Snakes Alive: [Rule-based agent], Food: 11, Hazards: 0
INFO 13:02:21.927936 Turn: 42, Snakes Alive: [Rule-based agent], Food: 11, Hazards: 0
INFO 13:02:21.930199 Turn: 43, Snakes Alive: [Rule-based agent], Food: 11, Hazards: 0
INFO 13:02:21.932338 Turn: 44, Snakes Alive: [Rule-based agent], Food: 10, Hazards: 0
INFO 13:02:21.934527 Turn: 45, Snakes Alive: [Rule-based agent], Food: 11, Hazards: 0
INFO 13:02:21.937134 Turn: 46, Snakes Alive: [Rule-based agent], Food: 10, Hazards: 0
INFO 13:02:21.939460 Turn: 47, Snakes Alive: [Rule-based agent], Food: 10, Hazards: 0
INFO 13:02:21.941652 Turn: 48, Snakes Alive: [Rule-based agent], Food: 9, Hazards: 0
INFO 13:02:21.944635 Turn: 49, Snakes Alive: [Rule-based agent], Food: 10, Hazards: 0
INFO 13:02:21.947076 Turn: 50, Snakes Alive: [Rule-based agent], Food: 10, Hazards: 0
INFO 13:02:21.949315 Turn: 51, Snakes Alive: [Rule-based agent], Food: 11, Hazards: 0
INFO 13:02:21.951512 Turn: 52, Snakes Alive: [Rule-based agent], Food: 11, Hazards: 0
INFO 13:02:21.954078 Turn: 53, Snakes Alive: [Rule-based agent], Food: 12, Hazards: 0
INFO 13:02:21.956240 Turn: 54, Snakes Alive: [Rule-based agent], Food: 12, Hazards: 0
INFO 13:02:21.958607 Turn: 55, Snakes Alive: [Rule-based agent], Food: 12, Hazards: 0
INFO 13:02:21.964608 Turn: 56, Snakes Alive: [Rule-based agent], Food: 12, Hazards: 0
INFO 13:02:21.967023 Turn: 57, Snakes Alive: [Rule-based agent], Food: 12, Hazards: 0
INFO 13:02:21.969341 Turn: 58, Snakes Alive: [Rule-based agent], Food: 11, Hazards: 0
INFO 13:02:21.971645 Turn: 59, Snakes Alive: [Rule-based agent], Food: 11, Hazards: 0
INFO 13:02:21.973634 Turn: 60, Snakes Alive: [Rule-based agent], Food: 11, Hazards: 0
INFO 13:02:21.975897 Turn: 61, Snakes Alive: [Rule-based agent], Food: 11, Hazards: 0
INFO 13:02:21.978148 Turn: 62, Snakes Alive: [Rule-based agent], Food: 11, Hazards: 0
INFO 13:02:21.980244 Turn: 63, Snakes Alive: [Rule-based agent], Food: 11, Hazards: 0
INFO 13:02:21.982379 Turn: 64, Snakes Alive: [Rule-based agent], Food: 11, Hazards: 0
INFO 13:02:21.984771 Turn: 65, Snakes Alive: [Rule-based agent], Food: 11, Hazards: 0
INFO 13:02:21.987103 Turn: 66, Snakes Alive: [Rule-based agent], Food: 11, Hazards: 0
INFO 13:02:21.989196 Turn: 67, Snakes Alive: [Rule-based agent], Food: 11, Hazards: 0
INFO 13:02:21.991581 Turn: 68, Snakes Alive: [Rule-based agent], Food: 12, Hazards: 0
INFO 13:02:21.993764 Turn: 69, Snakes Alive: [Rule-based agent], Food: 12, Hazards: 0
INFO 13:02:21.995927 Turn: 70, Snakes Alive: [Rule-based agent], Food: 12, Hazards: 0
INFO 13:02:21.998380 Turn: 71, Snakes Alive: [Rule-based agent], Food: 12, Hazards: 0
INFO 13:02:22.001410 Turn: 72, Snakes Alive: [Rule-based agent], Food: 13, Hazards: 0
INFO 13:02:22.004786 Turn: 73, Snakes Alive: [Rule-based agent], Food: 14, Hazards: 0
INFO 13:02:22.007151 Turn: 74, Snakes Alive: [Rule-based agent], Food: 14, Hazards: 0
INFO 13:02:22.009487 Turn: 75, Snakes Alive: [Rule-based agent], Food: 14, Hazards: 0
INFO 13:02:22.011799 Turn: 76, Snakes Alive: [Rule-based agent], Food: 15, Hazards: 0
INFO 13:02:22.014087 Turn: 77, Snakes Alive: [Rule-based agent], Food: 15, Hazards: 0
INFO 13:02:22.016302 Turn: 78, Snakes Alive: [Rule-based agent], Food: 15, Hazards: 0
INFO 13:02:22.018840 Turn: 79, Snakes Alive: [Rule-based agent], Food: 15, Hazards: 0
INFO 13:02:22.021093 Turn: 80, Snakes Alive: [Rule-based agent], Food: 15, Hazards: 0
INFO 13:02:22.023286 Turn: 81, Snakes Alive: [Rule-based agent], Food: 15, Hazards: 0
INFO 13:02:22.025621 Turn: 82, Snakes Alive: [Rule-based agent], Food: 15, Hazards: 0
INFO 13:02:22.027763 Turn: 83, Snakes Alive: [Rule-based agent], Food: 15, Hazards: 0
INFO 13:02:22.030013 Turn: 84, Snakes Alive: [Rule-based agent], Food: 14, Hazards: 0
INFO 13:02:22.032426 Turn: 85, Snakes Alive: [Rule-based agent], Food: 14, Hazards: 0
INFO 13:02:22.034922 Turn: 86, Snakes Alive: [Rule-based agent], Food: 14, Hazards: 0
INFO 13:02:22.037316 Turn: 87, Snakes Alive: [Rule-based agent], Food: 14, Hazards: 0
INFO 13:02:22.039922 Turn: 88, Snakes Alive: [Rule-based agent], Food: 14, Hazards: 0
INFO 13:02:22.042154 Turn: 89, Snakes Alive: [Rule-based agent], Food: 14, Hazards: 0
INFO 13:02:22.044416 Turn: 90, Snakes Alive: [Rule-based agent], Food: 14, Hazards: 0
INFO 13:02:22.046885 Turn: 91, Snakes Alive: [Rule-based agent], Food: 13, Hazards: 0
INFO 13:02:22.049741 Turn: 92, Snakes Alive: [Rule-based agent], Food: 12, Hazards: 0
INFO 13:02:22.052108 Turn: 93, Snakes Alive: [Rule-based agent], Food: 12, Hazards: 0
INFO 13:02:22.054428 Turn: 94, Snakes Alive: [Rule-based agent], Food: 12, Hazards: 0
INFO 13:02:22.056697 Turn: 95, Snakes Alive: [Rule-based agent], Food: 12, Hazards: 0
INFO 13:02:22.059271 Turn: 96, Snakes Alive: [Rule-based agent], Food: 12, Hazards: 0
INFO 13:02:22.061601 Turn: 97, Snakes Alive: [Rule-based agent], Food: 12, Hazards: 0
INFO 13:02:22.063738 Turn: 98, Snakes Alive: [Rule-based agent], Food: 11, Hazards: 0
INFO 13:02:22.066055 Turn: 99, Snakes Alive: [Rule-based agent], Food: 11, Hazards: 0
INFO 13:02:22.068658 Turn: 100, Snakes Alive: [Rule-based agent], Food: 11, Hazards: 0
INFO 13:02:22.071120 Turn: 101, Snakes Alive: [Rule-based agent], Food: 12, Hazards: 0
INFO 13:02:22.073389 Turn: 102, Snakes Alive: [Rule-based agent], Food: 12, Hazards: 0
INFO 13:02:22.075958 Turn: 103, Snakes Alive: [Rule-based agent], Food: 12, Hazards: 0
INFO 13:02:22.078362 Turn: 104, Snakes Alive: [Rule-based agent], Food: 12, Hazards: 0
INFO 13:02:22.080475 Turn: 105, Snakes Alive: [Rule-based agent], Food: 12, Hazards: 0
INFO 13:02:22.082851 Turn: 106, Snakes Alive: [Rule-based agent], Food: 12, Hazards: 0
INFO 13:02:22.085432 Turn: 107, Snakes Alive: [Rule-based agent], Food: 12, Hazards: 0
INFO 13:02:22.088001 Turn: 108, Snakes Alive: [Rule-based agent], Food: 12, Hazards: 0
INFO 13:02:22.090203 Turn: 109, Snakes Alive: [Rule-based agent], Food: 12, Hazards: 0
INFO 13:02:22.092678 Turn: 110, Snakes Alive: [Rule-based agent], Food: 12, Hazards: 0
INFO 13:02:22.095265 Turn: 111, Snakes Alive: [Rule-based agent], Food: 12, Hazards: 0
INFO 13:02:22.097523 Turn: 112, Snakes Alive: [Rule-based agent], Food: 12, Hazards: 0
INFO 13:02:22.099775 Turn: 113, Snakes Alive: [Rule-based agent], Food: 12, Hazards: 0
INFO 13:02:22.102344 Turn: 114, Snakes Alive: [Rule-based agent], Food: 12, Hazards: 0
INFO 13:02:22.104572 Turn: 115, Snakes Alive: [Rule-based agent], Food: 12, Hazards: 0
INFO 13:02:22.106862 Turn: 116, Snakes Alive: [Rule-based agent], Food: 12, Hazards: 0
INFO 13:02:22.109242 Turn: 117, Snakes Alive: [Rule-based agent], Food: 12, Hazards: 0
INFO 13:02:22.111631 Turn: 118, Snakes Alive: [Rule-based agent], Food: 11, Hazards: 0
INFO 13:02:22.114052 Turn: 119, Snakes Alive: [Rule-based agent], Food: 11, Hazards: 0
INFO 13:02:22.116767 Turn: 120, Snakes Alive: [Rule-based agent], Food: 11, Hazards: 0
INFO 13:02:22.119232 Turn: 121, Snakes Alive: [Rule-based agent], Food: 11, Hazards: 0
INFO 13:02:22.121707 Turn: 122, Snakes Alive: [Rule-based agent], Food: 11, Hazards: 0
INFO 13:02:22.123871 Turn: 123, Snakes Alive: [Rule-based agent], Food: 11, Hazards: 0
INFO 13:02:22.126061 Turn: 124, Snakes Alive: [Rule-based agent], Food: 10, Hazards: 0
INFO 13:02:22.128427 Turn: 125, Snakes Alive: [Rule-based agent], Food: 11, Hazards: 0
INFO 13:02:22.130683 Turn: 126, Snakes Alive: [Rule-based agent], Food: 10, Hazards: 0
INFO 13:02:22.132772 Turn: 127, Snakes Alive: [Rule-based agent], Food: 10, Hazards: 0
INFO 13:02:22.135040 Turn: 128, Snakes Alive: [Rule-based agent], Food: 10, Hazards: 0
INFO 13:02:22.137638 Turn: 129, Snakes Alive: [Rule-based agent], Food: 10, Hazards: 0
INFO 13:02:22.139911 Turn: 130, Snakes Alive: [Rule-based agent], Food: 10, Hazards: 0
INFO 13:02:22.142179 Turn: 131, Snakes Alive: [Rule-based agent], Food: 10, Hazards: 0
INFO 13:02:22.144506 Turn: 132, Snakes Alive: [Rule-based agent], Food: 10, Hazards: 0
INFO 13:02:22.146799 Turn: 133, Snakes Alive: [Rule-based agent], Food: 10, Hazards: 0
INFO 13:02:22.149268 Turn: 134, Snakes Alive: [Rule-based agent], Food: 10, Hazards: 0
INFO 13:02:22.151673 Turn: 135, Snakes Alive: [Rule-based agent], Food: 10, Hazards: 0
INFO 13:02:22.154041 Turn: 136, Snakes Alive: [Rule-based agent], Food: 10, Hazards: 0
INFO 13:02:22.156338 Turn: 137, Snakes Alive: [Rule-based agent], Food: 10, Hazards: 0
INFO 13:02:22.158738 Turn: 138, Snakes Alive: [Rule-based agent], Food: 9, Hazards: 0
INFO 13:02:22.160989 Turn: 139, Snakes Alive: [Rule-based agent], Food: 9, Hazards: 0
INFO 13:02:22.163392 Turn: 140, Snakes Alive: [Rule-based agent], Food: 9, Hazards: 0
INFO 13:02:22.165698 Turn: 141, Snakes Alive: [Rule-based agent], Food: 9, Hazards: 0
INFO 13:02:22.168107 Turn: 142, Snakes Alive: [Rule-based agent], Food: 9, Hazards: 0
INFO 13:02:22.170590 Turn: 143, Snakes Alive: [Rule-based agent], Food: 9, Hazards: 0
INFO 13:02:22.172922 Turn: 144, Snakes Alive: [Rule-based agent], Food: 10, Hazards: 0
INFO 13:02:22.175393 Turn: 145, Snakes Alive: [Rule-based agent], Food: 10, Hazards: 0
INFO 13:02:22.177742 Turn: 146, Snakes Alive: [Rule-based agent], Food: 10, Hazards: 0
INFO 13:02:22.180049 Turn: 147, Snakes Alive: [Rule-based agent], Food: 9, Hazards: 0
INFO 13:02:22.182956 Turn: 148, Snakes Alive: [Rule-based agent], Food: 9, Hazards: 0
INFO 13:02:22.185704 Turn: 149, Snakes Alive: [Rule-based agent], Food: 9, Hazards: 0
INFO 13:02:22.188091 Turn: 150, Snakes Alive: [Rule-based agent], Food: 8, Hazards: 0
INFO 13:02:22.191335 Turn: 151, Snakes Alive: [Rule-based agent], Food: 8, Hazards: 0
INFO 13:02:22.194263 Turn: 152, Snakes Alive: [Rule-based agent], Food: 7, Hazards: 0
INFO 13:02:22.196723 Turn: 153, Snakes Alive: [Rule-based agent], Food: 7, Hazards: 0
INFO 13:02:22.199174 Turn: 154, Snakes Alive: [Rule-based agent], Food: 6, Hazards: 0
INFO 13:02:22.201443 Turn: 155, Snakes Alive: [Rule-based agent], Food: 6, Hazards: 0
INFO 13:02:22.204183 Turn: 156, Snakes Alive: [Rule-based agent], Food: 6, Hazards: 0
INFO 13:02:22.206676 Turn: 157, Snakes Alive: [Rule-based agent], Food: 6, Hazards: 0
INFO 13:02:22.209115 Turn: 158, Snakes Alive: [Rule-based agent], Food: 6, Hazards: 0
INFO 13:02:22.211735 Turn: 159, Snakes Alive: [Rule-based agent], Food: 6, Hazards: 0
INFO 13:02:22.214397 Turn: 160, Snakes Alive: [Rule-based agent], Food: 6, Hazards: 0
INFO 13:02:22.216822 Turn: 161, Snakes Alive: [Rule-based agent], Food: 6, Hazards: 0
INFO 13:02:22.219327 Turn: 162, Snakes Alive: [Rule-based agent], Food: 6, Hazards: 0
INFO 13:02:22.222044 Turn: 163, Snakes Alive: [Rule-based agent], Food: 6, Hazards: 0
INFO 13:02:22.224434 Turn: 164, Snakes Alive: [Rule-based agent], Food: 6, Hazards: 0
INFO 13:02:22.226933 Turn: 165, Snakes Alive: [Rule-based agent], Food: 6, Hazards: 0
INFO 13:02:22.229140 Turn: 166, Snakes Alive: [Rule-based agent], Food: 6, Hazards: 0
INFO 13:02:22.231508 Turn: 167, Snakes Alive: [Rule-based agent], Food: 6, Hazards: 0
INFO 13:02:22.233874 Turn: 168, Snakes Alive: [Rule-based agent], Food: 6, Hazards: 0
INFO 13:02:22.236489 Turn: 169, Snakes Alive: [Rule-based agent], Food: 6, Hazards: 0
INFO 13:02:22.239338 Turn: 170, Snakes Alive: [Rule-based agent], Food: 6, Hazards: 0
INFO 13:02:22.241841 Turn: 171, Snakes Alive: [Rule-based agent], Food: 6, Hazards: 0
INFO 13:02:22.244161 Turn: 172, Snakes Alive: [Rule-based agent], Food: 6, Hazards: 0
INFO 13:02:22.246731 Turn: 173, Snakes Alive: [Rule-based agent], Food: 6, Hazards: 0
INFO 13:02:22.249095 Turn: 174, Snakes Alive: [Rule-based agent], Food: 6, Hazards: 0
INFO 13:02:22.251591 Turn: 175, Snakes Alive: [Rule-based agent], Food: 6, Hazards: 0
INFO 13:02:22.254148 Turn: 176, Snakes Alive: [Rule-based agent], Food: 7, Hazards: 0
INFO 13:02:22.256651 Turn: 177, Snakes Alive: [Rule-based agent], Food: 7, Hazards: 0
INFO 13:02:22.259043 Turn: 178, Snakes Alive: [Rule-based agent], Food: 7, Hazards: 0
INFO 13:02:22.261375 Turn: 179, Snakes Alive: [Rule-based agent], Food: 7, Hazards: 0
INFO 13:02:22.263717 Turn: 180, Snakes Alive: [Rule-based agent], Food: 8, Hazards: 0
INFO 13:02:22.266019 Turn: 181, Snakes Alive: [Rule-based agent], Food: 8, Hazards: 0
INFO 13:02:22.268738 Turn: 182, Snakes Alive: [Rule-based agent], Food: 8, Hazards: 0
INFO 13:02:22.271228 Turn: 183, Snakes Alive: [Rule-based agent], Food: 9, Hazards: 0
INFO 13:02:22.273824 Turn: 184, Snakes Alive: [Rule-based agent], Food: 8, Hazards: 0
INFO 13:02:22.276192 Turn: 185, Snakes Alive: [Rule-based agent], Food: 8, Hazards: 0
INFO 13:02:22.278554 Turn: 186, Snakes Alive: [Rule-based agent], Food: 8, Hazards: 0
INFO 13:02:22.281078 Turn: 187, Snakes Alive: [Rule-based agent], Food: 8, Hazards: 0
INFO 13:02:22.283491 Turn: 188, Snakes Alive: [Rule-based agent], Food: 8, Hazards: 0
INFO 13:02:22.286336 Turn: 189, Snakes Alive: [Rule-based agent], Food: 8, Hazards: 0
INFO 13:02:22.288688 Turn: 190, Snakes Alive: [Rule-based agent], Food: 8, Hazards: 0
INFO 13:02:22.291218 Turn: 191, Snakes Alive: [Rule-based agent], Food: 8, Hazards: 0
INFO 13:02:22.293770 Turn: 192, Snakes Alive: [Rule-based agent], Food: 8, Hazards: 0
INFO 13:02:22.296100 Turn: 193, Snakes Alive: [Rule-based agent], Food: 8, Hazards: 0
INFO 13:02:22.298445 Turn: 194, Snakes Alive: [Rule-based agent], Food: 8, Hazards: 0
INFO 13:02:22.301106 Turn: 195, Snakes Alive: [Rule-based agent], Food: 8, Hazards: 0
INFO 13:02:22.303755 Turn: 196, Snakes Alive: [Rule-based agent], Food: 8, Hazards: 0
INFO 13:02:22.306142 Turn: 197, Snakes Alive: [Rule-based agent], Food: 8, Hazards: 0
INFO 13:02:22.308634 Turn: 198, Snakes Alive: [Rule-based agent], Food: 8, Hazards: 0
INFO 13:02:22.311030 Turn: 199, Snakes Alive: [Rule-based agent], Food: 8, Hazards: 0
INFO 13:02:22.313301 Turn: 200, Snakes Alive: [Rule-based agent], Food: 8, Hazards: 0
INFO 13:02:22.315853 Turn: 201, Snakes Alive: [Rule-based agent], Food: 8, Hazards: 0
INFO 13:02:22.318191 Turn: 202, Snakes Alive: [Rule-based agent], Food: 8, Hazards: 0
INFO 13:02:22.320811 Turn: 203, Snakes Alive: [Rule-based agent], Food: 8, Hazards: 0
INFO 13:02:22.323108 Turn: 204, Snakes Alive: [Rule-based agent], Food: 8, Hazards: 0
INFO 13:02:22.325688 Turn: 205, Snakes Alive: [Rule-based agent], Food: 8, Hazards: 0
INFO 13:02:22.328094 Turn: 206, Snakes Alive: [Rule-based agent], Food: 7, Hazards: 0
INFO 13:02:22.330478 Turn: 207, Snakes Alive: [Rule-based agent], Food: 8, Hazards: 0
INFO 13:02:22.332804 Turn: 208, Snakes Alive: [Rule-based agent], Food: 8, Hazards: 0
INFO 13:02:22.335509 Turn: 209, Snakes Alive: [Rule-based agent], Food: 9, Hazards: 0
INFO 13:02:22.338156 Turn: 210, Snakes Alive: [Rule-based agent], Food: 10, Hazards: 0
INFO 13:02:22.341962 Turn: 211, Snakes Alive: [Rule-based agent], Food: 9, Hazards: 0
INFO 13:02:22.345363 Turn: 212, Snakes Alive: [Rule-based agent], Food: 9, Hazards: 0
INFO 13:02:22.348325 Turn: 213, Snakes Alive: [Rule-based agent], Food: 10, Hazards: 0
INFO 13:02:22.351085 Turn: 214, Snakes Alive: [Rule-based agent], Food: 10, Hazards: 0
INFO 13:02:22.354094 Turn: 215, Snakes Alive: [Rule-based agent], Food: 10, Hazards: 0
INFO 13:02:22.356560 Turn: 216, Snakes Alive: [Rule-based agent], Food: 10, Hazards: 0
INFO 13:02:22.359028 Turn: 217, Snakes Alive: [Rule-based agent], Food: 11, Hazards: 0
INFO 13:02:22.361688 Turn: 218, Snakes Alive: [Rule-based agent], Food: 11, Hazards: 0
INFO 13:02:22.364081 Turn: 219, Snakes Alive: [Rule-based agent], Food: 11, Hazards: 0
INFO 13:02:22.366468 Turn: 220, Snakes Alive: [Rule-based agent], Food: 11, Hazards: 0
INFO 13:02:22.368994 Turn: 221, Snakes Alive: [Rule-based agent], Food: 11, Hazards: 0
INFO 13:02:22.371985 Turn: 222, Snakes Alive: [Rule-based agent], Food: 11, Hazards: 0
INFO 13:02:22.374661 Turn: 223, Snakes Alive: [Rule-based agent], Food: 11, Hazards: 0
INFO 13:02:22.377237 Turn: 224, Snakes Alive: [Rule-based agent], Food: 10, Hazards: 0
INFO 13:02:22.379946 Turn: 225, Snakes Alive: [Rule-based agent], Food: 10, Hazards: 0
INFO 13:02:22.382969 Turn: 226, Snakes Alive: [Rule-based agent], Food: 10, Hazards: 0
INFO 13:02:22.385705 Turn: 227, Snakes Alive: [Rule-based agent], Food: 10, Hazards: 0
INFO 13:02:22.388365 Turn: 228, Snakes Alive: [Rule-based agent], Food: 9, Hazards: 0
INFO 13:02:22.390905 Turn: 229, Snakes Alive: [Rule-based agent], Food: 9, Hazards: 0
INFO 13:02:22.393412 Turn: 230, Snakes Alive: [Rule-based agent], Food: 8, Hazards: 0
INFO 13:02:22.399203 Turn: 231, Snakes Alive: [Rule-based agent], Food: 8, Hazards: 0
INFO 13:02:22.402013 Turn: 232, Snakes Alive: [Rule-based agent], Food: 8, Hazards: 0
INFO 13:02:22.404648 Turn: 233, Snakes Alive: [Rule-based agent], Food: 7, Hazards: 0
INFO 13:02:22.407217 Turn: 234, Snakes Alive: [Rule-based agent], Food: 7, Hazards: 0
INFO 13:02:22.409922 Turn: 235, Snakes Alive: [Rule-based agent], Food: 7, Hazards: 0
INFO 13:02:22.412435 Turn: 236, Snakes Alive: [Rule-based agent], Food: 7, Hazards: 0
INFO 13:02:22.414892 Turn: 237, Snakes Alive: [], Food: 7, Hazards: 0
INFO 13:02:22.416221 Game completed after 238 turns.
INFO 13:02:22.562376 Snake ID: 2e0fbc5d-02be-4159-b798-3b99defbd8ba URL: http://127.0.0.1:34321, Name: "Rule-based agent"
INFO 13:02:22.564577 Ruleset: solo, Seed: 106
INFO 13:02:22.564610 Turn: 0, Snakes Alive: [Rule-based agent], Food: 2, Hazards: 0
INFO 13:02:22.577515 Turn: 1, Snakes Alive: [Rule-based agent], Food: 3, Hazards: 0
INFO 13:02:22.580037 Turn: 2, Snakes Alive: [Rule-based agent], Food: 3, Hazards: 0
INFO 13:02:22.582196 Turn: 3, Snakes Alive: [Rule-based agent], Food: 4, Hazards: 0
INFO 13:02:22.584168 Turn: 4, Snakes Alive: [Rule-based agent], Food: 4, Hazards: 0
INFO 13:02:22.586474 Turn: 5, Snakes Alive: [Rule-based agent], Food: 4, Hazards: 0
INFO 13:02:22.588385 Turn: 6, Snakes Alive: [Rule-based agent], Food: 3, Hazards: 0
INFO 13:02:22.590433 Turn: 7, Snakes Alive: [Rule-based agent], Food: 4, Hazards: 0
INFO 13:02:22.592335 Turn: 8, Snakes Alive: [Rule-based agent], Food: 5, Hazards: 0
INFO 13:02:22.594477 Turn: 9, Snakes Alive: [Rule-based agent], Food: 5, Hazards: 0
INFO 13:02:22.596630 Turn: 10, Snakes Alive: [Rule-based agent], Food: 5, Hazards: 0
INFO 13:02:22.598829 Turn: 11, Snakes Alive: [Rule-based agent], Food: 6, Hazards: 0
INFO 13:02:22.600864 Turn: 12, Snakes Alive: [Rule-based agent], Food: 6, Hazards: 0
INFO 13:02:22.603593 Turn: 13, Snakes Alive: [Rule-based agent], Food: 6, Hazards: 0
INFO 13:02:22.605520 Turn: 14, Snakes Alive: [Rule-based agent], Food: 6, Hazards: 0
INFO 13:02:22.607464 Turn: 15, Snakes Alive: [Rule-based agent], Food: 6, Hazards: 0
INFO 13:02:22.609411 Turn: 16, Snakes Alive: [Rule-based agent], Food: 6, Hazards: 0
INFO 13:02:22.611392 Turn: 17, Snakes Alive: [Rule-based agent], Food: 7, Hazards: 0
INFO 13:02:22.613251 Turn: 18, Snakes Alive: [Rule-based agent], Food: 7, Hazards: 0
INFO 13:02:22.615212 Turn: 19, Snakes Alive: [Rule-based agent], Food: 8, Hazards: 0
INFO 13:02:22.617197 Turn: 20, Snakes Alive: [Rule-based agent], Food: 9, Hazards: 0
INFO 13:02:22.619537 Turn: 21, Snakes Alive: [Rule-based agent], Food: 10, Hazards: 0
INFO 13:02:22.621627 Turn: 22, Snakes Alive: [Rule-based agent], Food: 10, Hazards: 0
INFO 13:02:22.623743 Turn: 23, Snakes Alive: [Rule-based agent], Food: 10, Hazards: 0
INFO 13:02:22.625856 Turn: 24, Snakes Alive: [Rule-based agent], Food: 11, Hazards: 0
INFO 13:02:22.627779 Turn: 25, Snakes Alive: [Rule-based agent], Food: 12, Hazards: 0
INFO 13:02:22.629813 Turn: 26, Snakes Alive: [Rule-based agent], Food: 12, Hazards: 0
INFO 13:02:22.631950 Turn: 27, Snakes Alive: [Rule-based agent], Food: 12, Hazards: 0
INFO 13:02:22.634018 Turn: 28, Snakes Alive: [Rule-based agent], Food: 12, Hazards: 0
INFO 13:02:22.636422 Turn: 29, Snakes Alive: [Rule-based agent], Food: 12, Hazards: 0
INFO 13:02:22.638712 Turn: 30, Snakes Alive: [Rule-based agent], Food: 12, Hazards: 0
INFO 13:02:22.640714 Turn: 31, Snakes Alive: [Rule-based agent], Food: 12, Hazards: 0
INFO 13:02:22.643040 Turn: 32, Snakes Alive: [Rule-based agent], Food: 12, Hazards: 0
INFO 13:02:22.645262 Turn: 33, Snakes Alive: [Rule-based agent], Food: 12, Hazards: 0
INFO 13:02:22.647276 Turn: 34, Snakes Alive: [Rule-based agent], Food: 12, Hazards: 0
INFO 13:02:22.649377 Turn: 35, Snakes Alive: [Rule-based agent], Food: 12, Hazards: 0
INFO 13:02:22.651841 Turn: 36, Snakes Alive: [Rule-based agent], Food: 12, Hazards: 0
INFO 13:02:22.654020 Turn: 37, Snakes Alive: [Rule-based agent], Food: 12, Hazards: 0
INFO 13:02:22.656105 Turn: 38, Snakes Alive: [Rule-based agent], Food: 12, Hazards: 0
INFO 13:02:22.658883 Turn: 39, Snakes Alive: [Rule-based agent], Food: 12, Hazards: 0
INFO 13:02:22.661059 Turn: 40, Snakes Alive: [Rule-based agent], Food: 12, Hazards: 0
INFO 13:02:22.663288 Turn: 41, Snakes Alive: [Rule-based agent], Food: 12, Hazards: 0
INFO 13:02:22.665429 Turn: 42, Snakes Alive: [Rule-based agent], Food: 12, Hazards: 0
INFO 13:02:22.667623 Turn: 43, Snakes Alive: [Rule-based agent], Food: 12, Hazards: 0
INFO 13:02:22.669903 Turn: 44, Snakes Alive: [Rule-based agent], Food: 13, Hazards: 0
INFO 13:02:22.672173 Turn: 45, Snakes Alive: [Rule-based agent], Food: 13, Hazards: 0
INFO 13:02:22.674267 Turn: 46, Snakes Alive: [Rule-based agent], Food: 13, Hazards: 0
INFO 13:02:22.676460 Turn: 47, Snakes Alive: [Rule-based agent], Food: 13, Hazards: 0
INFO 13:02:22.678730 Turn: 48, Snakes Alive: [Rule-based agent], Food: 14, Hazards: 0
INFO 13:02:22.680740 Turn: 49, Snakes Alive: [Rule-based agent], Food: 14, Hazards: 0
INFO 13:02:22.683138 Turn: 50, Snakes Alive: [Rule-based agent], Food: 15, Hazards: 0
INFO 13:02:22.685597 Turn: 51, Snakes Alive: [Rule-based agent], Food: 15, Hazards: 0
INFO 13:02:22.687744 Turn: 52, Snakes Alive: [Rule-based agent], Food: 15, Hazards: 0
INFO 13:02:22.689966 Turn: 53, Snakes Alive: [Rule-based agent], Food: 15, Hazards: 0
INFO 13:02:22.692247 Turn: 54, Snakes Alive: [Rule-based agent], Food: 15, Hazards: 0
INFO 13:02:22.694594 Turn: 55, Snakes Alive: [Rule-based agent], Food: 15, Hazards: 0
INFO 13:02:22.696860 Turn: 56, Snakes Alive: [Rule-based agent], Food: 15, Hazards: 0
INFO 13:02:22.699143 Turn: 57, Snakes Alive: [Rule-based agent], Food: 15, Hazards: 0
INFO 13:02:22.701317 Turn: 58, Snakes Alive: [Rule-based agent], Food: 15, Hazards: 0
INFO 13:02:22.703656 Turn: 59, Snakes Alive: [Rule-based agent], Food: 15, Hazards: 0
INFO 13:02:22.705840 Turn: 60, Snakes Alive: [Rule-based agent], Food: 15, Hazards: 0
INFO 13:02:22.707966 Turn: 61, Snakes Alive: [Rule-based agent], Food: 15, Hazards: 0
INFO 13:02:22.710033 Turn: 62, Snakes Alive: [Rule-based agent], Food: 15, Hazards: 0
INFO 13:02:22.712198 Turn: 63, Snakes Alive: [Rule-based agent], Food: 15, Hazards: 0
INFO 13:02:22.714978 Turn: 64, Snakes Alive: [Rule-based agent], Food: 15, Hazards: 0
INFO 13:02:22.717046 Turn: 65, Snakes Alive: [Rule-based agent], Food: 15, Hazards: 0
INFO 13:02:22.719405 Turn: 66, Snakes Alive: [Rule-based agent], Food: 14, Hazards: 0
INFO 13:02:22.721950 Turn: 67, Snakes Alive: [Rule-based agent], Food: 15, Hazards: 0
INFO 13:02:22.724158 Turn: 68, Snakes Alive: [Rule-based agent], Food: 15, Hazards: 0
INFO 13:02:22.726539 Turn: 69, Snakes Alive: [Rule-based agent], Food: 15, Hazards: 0
INFO 13:02:22.728834 Turn: 70, Snakes Alive: [Rule-based agent], Food: 15, Hazards: 0
INFO 13:02:22.731074 Turn: 71, Snakes Alive: [Rule-based agent], Food: 16, Hazards: 0
INFO 13:02:22.733319 Turn: 72, Snakes Alive: [Rule-based agent], Food: 17, Hazards: 0
INFO 13:02:22.735844 Turn: 73, Snakes Alive: [Rule-based agent], Food: 17, Hazards: 0
INFO 13:02:22.738166 Turn: 74, Snakes Alive: [Rule-based agent], Food: 17, Hazards: 0
INFO 13:02:22.740574 Turn: 75, Snakes Alive: [Rule-based agent], Food: 18, Hazards: 0
INFO 13:02:22.742916 Turn: 76, Snakes Alive: [Rule-based agent], Food: 18, Hazards: 0
INFO 13:02:22.745162 Turn: 77, Snakes Alive: [Rule-based agent], Food: 18, Hazards: 0
INFO 13:02:22.748583 Turn: 78, Snakes Alive: [Rule-based agent], Food: 18, Hazards: 0
INFO 13:02:22.751560 Turn: 79, Snakes Alive: [Rule-based agent], Food: 18, Hazards: 0
INFO 13:02:22.754213 Turn: 80, Snakes Alive: [Rule-based agent], Food: 17, Hazards: 0
INFO 13:02:22.756373 Turn: 81, Snakes Alive: [Rule-based agent], Food: 17, Hazards: 0
INFO 13:02:22.758848 Turn: 82, Snakes Alive: [Rule-based agent], Food: 17, Hazards: 0
INFO 13:02:22.761206 Turn: 83, Snakes Alive: [Rule-based agent], Food: 17, Hazards: 0
INFO 13:02:22.763748 Turn: 84, Snakes Alive: [Rule-based agent], Food: 16, Hazards: 0
INFO 13:02:22.765978 Turn: 85, Snakes Alive: [Rule-based agent], Food: 16, Hazards: 0
INFO 13:02:22.768339 Turn: 86, Snakes Alive: [Rule-based agent], Food: 15, Hazards: 0
INFO 13:02:22.770784 Turn: 87, Snakes Alive: [Rule-based agent], Food: 15, Hazards: 0
INFO 13:02:22.773100 Turn: 88, Snakes Alive: [Rule-based agent], Food: 15, Hazards: 0
INFO 13:02:22.775417 Turn: 89, Snakes Alive: [Rule-based agent], Food: 15, Hazards: 0
INFO 13:02:22.777690 Turn: 90, Snakes Alive: [Rule-based agent], Food: 14, Hazards: 0
INFO 13:02:22.779801 Turn: 91, Snakes Alive: [], Food: 14, Hazards: 0
INFO 13:02:22.781220 Game completed after 92 turns.
INFO 13:02:22.965070 Snake ID: a8dcb934-e22f-4b66-b831-926a8f66c740 URL: http://127.0.0.1:34321, Name: "Rule-based agent"
INFO 13:02:22.966848 Ruleset: solo, Seed: 107
INFO 13:02:22.966873 Turn: 0, Snakes Alive: [Rule-based agent], Food: 2, Hazards: 0
INFO 13:02:22.979624 Turn: 1, Snakes Alive: [Rule-based agent], Food: 2, Hazards: 0
INFO 13:02:22.981849 Turn: 2, Snakes Alive: [Rule-based agent], Food: 2, Hazards: 0
INFO 13:02:22.983953 Turn: 3, Snakes Alive: [Rule-based agent], Food: 2, Hazards: 0
INFO 13:02:22.986289 Turn: 4, Snakes Alive: [Rule-based agent], Food: 2, Hazards: 0
INFO 13:02:22.988352 Turn: 5, Snakes Alive: [Rule-based agent], Food: 2, Hazards: 0
INFO 13:02:22.990205 Turn: 6, Snakes Alive: [Rule-based agent], Food: 3, Hazards: 0
INFO 13:02:22.992156 Turn: 7, Snakes Alive: [Rule-based agent], Food: 4, Hazards: 0
INFO 13:02:22.994111 Turn: 8, Snakes Alive: [Rule-based agent], Food: 4, Hazards: 0
INFO 13:02:22.996068 Turn: 9, Snakes Alive: [Rule-based agent], Food: 4, Hazards: 0
INFO 13:02:22.998034 Turn: 10, Snakes Alive: [Rule-based agent], Food: 4, Hazards: 0
INFO 13:02:23.000118 Turn: 11, Snakes Alive: [Rule-based agent], Food: 4, Hazards: 0
INFO 13:02:23.003013 Turn: 12, Snakes Alive: [Rule-based agent], Food: 4, Hazards: 0
INFO 13:02:23.005005 Turn: 13, Snakes Alive: [Rule-based agent], Food: 4, Hazards: 0
INFO 13:02:23.007234 Turn: 14, Snakes Alive: [Rule-based agent], Food: 4, Hazards: 0
INFO 13:02:23.009334 Turn: 15, Snakes Alive: [Rule-based agent], Food: 4, Hazards: 0
INFO 13:02:23.011324 Turn: 16, Snakes Alive: [Rule-based agent], Food: 5, Hazards: 0
INFO 13:02:23.013236 Turn: 17, Snakes Alive: [Rule-based agent], Food: 5, Hazards: 0
INFO 13:02:23.015356 Turn: 18, Snakes Alive: [Rule-based agent], Food: 6, Hazards: 0
INFO 13:02:23.017411 Turn: 19, Snakes Alive: [Rule-based agent], Food: 7, Hazards: 0
INFO 13:02:23.019874 Turn: 20, Snakes Alive: [Rule-based agent], Food: 8, Hazards: 0
INFO 13:02:23.021880 Turn: 21, Snakes Alive: [Rule-based agent], Food: 8, Hazards: 0
INFO 13:02:23.024083 Turn: 22, Snakes Alive: [Rule-based agent], Food: 8, Hazards: 0
INFO 13:02:23.026333 Turn: 23, Snakes Alive: [Rule-based agent], Food: 9, Hazards: 0
INFO 13:02:23.028414 Turn: 24, Snakes Alive: [Rule-based agent], Food: 10, Hazards: 0
INFO 13:02:23.030606 Turn: 25, Snakes Alive: [Rule-based agent], Food: 10, Hazards: 0
INFO 13:02:23.032713 Turn: 26, Snakes Alive: [Rule-based agent], Food: 11, Hazards: 0
INFO 13:02:23.034973 Turn: 27, Snakes Alive: [Rule-based agent], Food: 11, Hazards: 0
INFO 13:02:23.037316 Turn: 28, Snakes Alive: [Rule-based agent], Food: 11, Hazards: 0
INFO 13:02:23.039357 Turn: 29, Snakes Alive: [Rule-based agent], Food: 11, Hazards: 0
INFO 13:02:23.042051 Turn: 30, Snakes Alive: [Rule-based agent], Food: 11, Hazards: 0
INFO 13:02:23.044491 Turn: 31, Snakes Alive: [Rule-based agent], Food: 11, Hazards: 0
INFO 13:02:23.046660 Turn: 32, Snakes Alive: [Rule-based agent], Food: 11, Hazards: 0
INFO 13:02:23.048698 Turn: 33, Snakes Alive: [Rule-based agent], Food: 11, Hazards: 0
INFO 13:02:23.050752 Turn: 34, Snakes Alive: [Rule-based agent], Food: 10, Hazards: 0
INFO 13:02:23.053027 Turn: 35, Snakes Alive: [Rule-based agent], Food: 10, Hazards: 0
INFO 13:02:23.055236 Turn: 36, Snakes Alive: [Rule-based agent], Food: 10, Hazards: 0
INFO 13:02:23.057351 Turn: 37, Snakes Alive: [Rule-based agent], Food: 10, Hazards: 0
INFO 13:02:23.059405 Turn: 38, Snakes Alive: [Rule-based agent], Food: 10, Hazards: 0
INFO 13:02:23.062473 Turn: 39, Snakes Alive: [Rule-based agent], Food: 10, Hazards: 0
INFO 13:02:23.064673 Turn: 40, Snakes Alive: [Rule-based agent], Food: 10, Hazards: 0
INFO 13:02:23.066808 Turn: 41, Snakes Alive: [Rule-based agent], Food: 10, Hazards: 0
INFO 13:02:23.069336 Turn: 42, Snakes Alive: [Rule-based agent], Food: 10, Hazards: 0
INFO 13:02:23.071680 Turn: 43, Snakes Alive: [Rule-based agent], Food: 11, Hazards: 0
INFO 13:02:23.073847 Turn: 44, Snakes Alive: [Rule-based agent], Food: 11, Hazards: 0
INFO 13:02:23.075930 Turn: 45, Snakes Alive: [Rule-based agent], Food: 11, Hazards: 0
INFO 13:02:23.078108 Turn: 46, Snakes Alive: [Rule-based agent], Food: 11, Hazards: 0
INFO 13:02:23.080263 Turn: 47, Snakes Alive: [Rule-based agent], Food: 12, Hazards: 0
INFO 13:02:23.082374 Turn: 48, Snakes Alive: [Rule-based agent], Food: 12, Hazards: 0
INFO 13:02:23.084893 Turn: 49, Snakes Alive: [Rule-based agent], Food: 13, Hazards: 0
INFO 13:02:23.087286 Turn: 50, Snakes Alive: [Rule-based agent], Food: 13, Hazards: 0
INFO 13:02:23.089546 Turn: 51, Snakes Alive: [Rule-based agent], Food: 14, Hazards: 0
INFO 13:02:23.091768 Turn: 52, Snakes Alive: [Rule-based agent], Food: 14, Hazards: 0
INFO 13:02:23.093935 Turn: 53, Snakes Alive: [Rule-based agent], Food: 14, Hazards: 0
INFO 13:02:23.095889 Turn: 54, Snakes Alive: [Rule-based agent], Food: 14, Hazards: 0
INFO 13:02:23.098014 Turn: 55, Snakes Alive: [Rule-based agent], Food: 14, Hazards: 0
INFO 13:02:23.100211 Turn: 56, Snakes Alive: [Rule-based agent], Food: 13, Hazards: 0
INFO 13:02:23.102816 Turn: 57, Snakes Alive: [Rule-based agent], Food: 12, Hazards: 0
INFO 13:02:23.104958 Turn: 58, Snakes Alive: [Rule-based agent], Food: 12, Hazards: 0
INFO 13:02:23.107191 Turn: 59, Snakes Alive: [Rule-based agent], Food: 11, Hazards: 0
INFO 13:02:23.109864 Turn: 60, Snakes Alive: [Rule-based agent], Food: 11, Hazards: 0
INFO 13:02:23.112070 Turn: 61, Snakes Alive: [Rule-based agent], Food: 11, Hazards: 0
INFO 13:02:23.114301 Turn: 62, Snakes Alive: [Rule-based agent], Food: 11, Hazards: 0
INFO 13:02:23.116542 Turn: 63, Snakes Alive: [Rule-based agent], Food: 11, Hazards: 0
INFO 13:02:23.118917 Turn: 64, Snakes Alive: [Rule-based agent], Food: 11, Hazards: 0
INFO 13:02:23.121088 Turn: 65, Snakes Alive: [Rule-based agent], Food: 11, Hazards: 0
INFO 13:02:23.123776 Turn: 66, Snakes Alive: [Rule-based agent], Food: 12, Hazards: 0
INFO 13:02:23.126025 Turn: 67, Snakes Alive: [Rule-based agent], Food: 12, Hazards: 0
INFO 13:02:23.128239 Turn: 68, Snakes Alive: [Rule-based agent], Food: 12, Hazards: 0
INFO 13:02:23.130916 Turn: 69, Snakes Alive: [Rule-based agent], Food: 12, Hazards: 0
INFO 13:02:23.133293 Turn: 70, Snakes Alive: [Rule-based agent], Food: 13, Hazards: 0
INFO 13:02:23.135974 Turn: 71, Snakes Alive: [Rule-based agent], Food: 14, Hazards: 0
INFO 13:02:23.138191 Turn: 72, Snakes Alive: [Rule-based agent], Food: 14, Hazards: 0
INFO 13:02:23.140489 Turn: 73, Snakes Alive: [Rule-based agent], Food: 14, Hazards: 0
INFO 13:02:23.142888 Turn: 74, Snakes Alive: [Rule-based agent], Food: 15, Hazards: 0
INFO 13:02:23.145188 Turn: 75, Snakes Alive: [Rule-based agent], Food: 14, Hazards: 0
INFO 13:02:23.149245 Turn: 76, Snakes Alive: [Rule-based agent], Food: 14, Hazards: 0
INFO 13:02:23.152193 Turn: 77, Snakes Alive: [Rule-based agent], Food: 13, Hazards: 0
INFO 13:02:23.154604 Turn: 78, Snakes Alive: [Rule-based agent], Food: 13, Hazards: 0
INFO 13:02:23.156767 Turn: 79, Snakes Alive: [Rule-based agent], Food: 12, Hazards: 0
INFO 13:02:23.158992 Turn: 80, Snakes Alive: [Rule-based agent], Food: 12, Hazards: 0
INFO 13:02:23.161275 Turn: 81, Snakes Alive: [Rule-based agent], Food: 12, Hazards: 0
INFO 13:02:23.163604 Turn: 82, Snakes Alive: [Rule-based agent], Food: 12, Hazards: 0
INFO 13:02:23.165833 Turn: 83, Snakes Alive: [Rule-based agent], Food: 12, Hazards: 0
INFO 13:02:23.168452 Turn: 84, Snakes Alive: [Rule-based agent], Food: 12, Hazards: 0
INFO 13:02:23.170754 Turn: 85, Snakes Alive: [Rule-based agent], Food: 12, Hazards: 0
INFO 13:02:23.172974 Turn: 86, Snakes Alive: [Rule-based agent], Food: 12, Hazards: 0
INFO 13:02:23.175220 Turn: 87, Snakes Alive: [Rule-based agent], Food: 12, Hazards: 0
INFO 13:02:23.177547 Turn: 88, Snakes Alive: [Rule-based agent], Food: 12, Hazards: 0
INFO 13:02:23.179780 Turn: 89, Snakes Alive: [Rule-based agent], Food: 12, Hazards: 0
INFO 13:02:23.182093 Turn: 90, Snakes Alive: [Rule-based agent], Food: 12, Hazards: 0
INFO 13:02:23.184562 Turn: 91, Snakes Alive: [], Food: 12, Hazards: 0
INFO 13:02:23.185881 Game completed after 92 turns.
INFO 13:02:23.378508 Snake ID: 62e6698a-b04b-4112-ac75-817c0430365f URL: http://127.0.0.1:34321, Name: "Rule-based agent"
INFO 13:02:23.380491 Ruleset: solo, Seed: 108
INFO 13:02:23.380517 Turn: 0, Snakes Alive: [Rule-based agent], Food: 2, Hazards: 0
INFO 13:02:23.393531 Turn: 1, Snakes Alive: [Rule-based agent], Food: 3, Hazards: 0
INFO 13:02:23.396166 Turn: 2, Snakes Alive: [Rule-based agent], Food: 3, Hazards: 0
INFO 13:02:23.398199 Turn: 3, Snakes Alive: [Rule-based agent], Food: 3, Hazards: 0
INFO 13:02:23.401284 Turn: 4, Snakes Alive: [Rule-based agent], Food: 3, Hazards: 0
INFO 13:02:23.404027 Turn: 5, Snakes Alive: [Rule-based agent], Food: 4, Hazards: 0
INFO 13:02:23.406624 Turn: 6, Snakes Alive: [Rule-based agent], Food: 5, Hazards: 0
INFO 13:02:23.409151 Turn: 7, Snakes Alive: [Rule-based agent], Food: 5, Hazards: 0
INFO 13:02:23.412206 Turn: 8, Snakes Alive: [Rule-based agent], Food: 5, Hazards: 0
INFO 13:02:23.415351 Turn: 9, Snakes Alive: [Rule-based agent], Food: 6, Hazards: 0
INFO 13:02:23.418951 Turn: 10, Snakes Alive: [Rule-based agent], Food: 6, Hazards: 0
INFO 13:02:23.422398 Turn: 11, Snakes Alive: [Rule-based agent], Food: 6, Hazards: 0
INFO 13:02:23.425235 Turn: 12, Snakes Alive: [Rule-based agent], Food: 6, Hazards: 0
INFO 13:02:23.427457 Turn: 13, Snakes Alive: [Rule-based agent], Food: 6, Hazards: 0
INFO 13:02:23.429460 Turn: 14, Snakes Alive: [Rule-based agent], Food: 6, Hazards: 0
INFO 13:02:23.431483 Turn: 15, Snakes Alive: [Rule-based agent], Food: 7, Hazards: 0
INFO 13:02:23.433475 Turn: 16, Snakes Alive: [Rule-based agent], Food: 7, Hazards: 0
INFO 13:02:23.435649 Turn: 17, Snakes Alive: [Rule-based agent], Food: 8, Hazards: 0
INFO 13:02:23.437804 Turn: 18, Snakes Alive: [Rule-based agent], Food: 9, Hazards: 0
INFO 13:02:23.440119 Turn: 19, Snakes Alive: [Rule-based agent], Food: 10, Hazards: 0
INFO 13:02:23.442191 Turn: 20, Snakes Alive: [Rule-based agent], Food: 10, Hazards: 0
INFO 13:02:23.444249 Turn: 21, Snakes Alive: [Rule-based agent], Food: 10, Hazards: 0
INFO 13:02:23.446238 Turn: 22, Snakes Alive: [Rule-based agent], Food: 10, Hazards: 0
INFO 13:02:23.448267 Turn: 23, Snakes Alive: [Rule-based agent], Food: 11, Hazards: 0
INFO 13:02:23.450228 Turn: 24, Snakes Alive: [Rule-based agent], Food: 10, Hazards: 0
INFO 13:02:23.452615 Turn: 25, Snakes Alive: [Rule-based agent], Food: 11, Hazards: 0
INFO 13:02:23.454696 Turn: 26, Snakes Alive: [Rule-based agent], Food: 11, Hazards: 0
INFO 13:02:23.456865 Turn: 27, Snakes Alive: [Rule-based agent], Food: 11, Hazards: 0
INFO 13:02:23.459047 Turn: 28, Snakes Alive: [Rule-based agent], Food: 11, Hazards: 0
INFO 13:02:23.464382 Turn: 29, Snakes Alive: [Rule-based agent], Food: 11, Hazards: 0
INFO 13:02:23.466760 Turn: 30, Snakes Alive: [Rule-based agent], Food: 11, Hazards: 0
INFO 13:02:23.469040 Turn: 31, Snakes Alive: [Rule-based agent], Food: 11, Hazards: 0
INFO 13:02:23.471295 Turn: 32, Snakes Alive: [Rule-based agent], Food: 11, Hazards: 0
INFO 13:02:23.473349 Turn: 33, Snakes Alive: [Rule-based agent], Food: 11, Hazards: 0
INFO 13:02:23.475447 Turn: 34, Snakes Alive: [Rule-based agent], Food: 11, Hazards: 0
INFO 13:02:23.477422 Turn: 35, Snakes Alive: [Rule-based agent], Food: 11, Hazards: 0
INFO 13:02:23.479462 Turn: 36, Snakes Alive: [Rule-based agent], Food: 11, Hazards: 0
INFO 13:02:23.481480 Turn: 37, Snakes Alive: [Rule-based agent], Food: 10, Hazards: 0
INFO 13:02:23.483522 Turn: 38, Snakes Alive: [Rule-based agent], Food: 10, Hazards: 0
INFO 13:02:23.485787 Turn: 39, Snakes Alive: [Rule-based agent], Food: 10, Hazards: 0
INFO 13:02:23.487993 Turn: 40, Snakes Alive: [Rule-based agent], Food: 10, Hazards: 0
INFO 13:02:23.489984 Turn: 41, Snakes Alive: [Rule-based agent], Food: 10, Hazards: 0
INFO 13:02:23.492068 Turn: 42, Snakes Alive: [Rule-based agent], Food: 11, Hazards: 0
INFO 13:02:23.494120 Turn: 43, Snakes Alive: [Rule-based agent], Food: 11, Hazards: 0
INFO 13:02:23.496215 Turn: 44, Snakes Alive: [Rule-based agent], Food: 11, Hazards: 0
INFO 13:02:23.498317 Turn: 45, Snakes Alive: [Rule-based agent], Food: 11, Hazards: 0
INFO 13:02:23.500442 Turn: 46, Snakes Alive: [Rule-based agent], Food: 12, Hazards: 0
INFO 13:02:23.503001 Turn: 47, Snakes Alive: [Rule-based agent], Food: 12, Hazards: 0
INFO 13:02:23.505500 Turn: 48, Snakes Alive: [Rule-based agent], Food: 13, Hazards: 0
INFO 13:02:23.507485 Turn: 49, Snakes Alive: [Rule-based agent], Food: 13, Hazards: 0
INFO 13:02:23.509647 Turn: 50, Snakes Alive: [Rule-based agent], Food: 14, Hazards: 0
INFO 13:02:23.511889 Turn: 51, Snakes Alive: [Rule-based agent], Food: 14, Hazards: 0
INFO 13:02:23.513825 Turn: 52, Snakes Alive: [Rule-based agent], Food: 14, Hazards: 0
INFO 13:02:23.515863 Turn: 53, Snakes Alive: [Rule-based agent], Food: 14, Hazards: 0
INFO 13:02:23.517813 Turn: 54, Snakes Alive: [Rule-based agent], Food: 13, Hazards: 0
INFO 13:02:23.520317 Turn: 55, Snakes Alive: [Rule-based agent], Food: 13, Hazards: 0
INFO 13:02:23.522466 Turn: 56, Snakes Alive: [Rule-based agent], Food: 13, Hazards: 0
INFO 13:02:23.524529 Turn: 57, Snakes Alive: [Rule-based agent], Food: 12, Hazards: 0
INFO 13:02:23.526722 Turn: 58, Snakes Alive: [Rule-based agent], Food: 11, Hazards: 0
INFO 13:02:23.529057 Turn: 59, Snakes Alive: [Rule-based agent], Food: 11, Hazards: 0
INFO 13:02:23.531444 Turn: 60, Snakes Alive: [Rule-based agent], Food: 11, Hazards: 0
INFO 13:02:23.533595 Turn: 61, Snakes Alive: [], Food: 11, Hazards: 0
INFO 13:02:23.534943 Game completed after 62 turns.
INFO 13:02:23.704845 Snake ID: 08abd04a-7443-4529-ba3a-1463f78ddd57 URL: http://127.0.0.1:34321, Name: "Rule-based agent"
INFO 13:02:23.707289 Ruleset: solo, Seed: 109
INFO 13:02:23.707368 Turn: 0, Snakes Alive: [Rule-based agent], Food: 2, Hazards: 0
INFO 13:02:23.720204 Turn: 1, Snakes Alive: [Rule-based agent], Food: 2, Hazards: 0
INFO 13:02:23.722624 Turn: 2, Snakes Alive: [Rule-based agent], Food: 1, Hazards: 0
INFO 13:02:23.724653 Turn: 3, Snakes Alive: [Rule-based agent], Food: 1, Hazards: 0
INFO 13:02:23.727102 Turn: 4, Snakes Alive: [Rule-based agent], Food: 2, Hazards: 0
INFO 13:02:23.729181 Turn: 5, Snakes Alive: [Rule-based agent], Food: 3, Hazards: 0
INFO 13:02:23.731169 Turn: 6, Snakes Alive: [Rule-based agent], Food: 3, Hazards: 0
INFO 13:02:23.733105 Turn: 7, Snakes Alive: [Rule-based agent], Food: 3, Hazards: 0
INFO 13:02:23.735306 Turn: 8, Snakes Alive: [Rule-based agent], Food: 4, Hazards: 0
INFO 13:02:23.737603 Turn: 9, Snakes Alive: [Rule-based agent], Food: 4, Hazards: 0
INFO 13:02:23.739649 Turn: 10, Snakes Alive: [Rule-based agent], Food: 4, Hazards: 0
INFO 13:02:23.741653 Turn: 11, Snakes Alive: [Rule-based agent], Food: 4, Hazards: 0
INFO 13:02:23.743982 Turn: 12, Snakes Alive: [Rule-based agent], Food: 4, Hazards: 0
INFO 13:02:23.746088 Turn: 13, Snakes Alive: [Rule-based agent], Food: 4, Hazards: 0
INFO 13:02:23.748191 Turn: 14, Snakes Alive: [Rule-based agent], Food: 5, Hazards: 0
INFO 13:02:23.750116 Turn: 15, Snakes Alive: [Rule-based agent], Food: 5, Hazards: 0
INFO 13:02:23.752149 Turn: 16, Snakes Alive: [Rule-based agent], Food: 6, Hazards: 0
INFO 13:02:23.754451 Turn: 17, Snakes Alive: [Rule-based agent], Food: 7, Hazards: 0
INFO 13:02:23.756262 Turn: 18, Snakes Alive: [Rule-based agent], Food: 8, Hazards: 0
INFO 13:02:23.758104 Turn: 19, Snakes Alive: [Rule-based agent], Food: 8, Hazards: 0
INFO 13:02:23.760381 Turn: 20, Snakes Alive: [Rule-based agent], Food: 8, Hazards: 0
INFO 13:02:23.762549 Turn: 21, Snakes Alive: [Rule-based agent], Food: 9, Hazards: 0
INFO 13:02:23.764864 Turn: 22, Snakes Alive: [Rule-based agent], Food: 10, Hazards: 0
INFO 13:02:23.766951 Turn: 23, Snakes Alive: [Rule-based agent], Food: 10, Hazards: 0
INFO 13:02:23.770023 Turn: 24, Snakes Alive: [Rule-based agent], Food: 11, Hazards: 0
INFO 13:02:23.772234 Turn: 25, Snakes Alive: [Rule-based agent], Food: 11, Hazards: 0
INFO 13:02:23.774228 Turn: 26, Snakes Alive: [Rule-based agent], Food: 10, Hazards: 0
INFO 13:02:23.776349 Turn: 27, Snakes Alive: [Rule-based agent], Food: 10, Hazards: 0
INFO 13:02:23.778538 Turn: 28, Snakes Alive: [Rule-based agent], Food: 9, Hazards: 0
INFO 13:02:23.780743 Turn: 29, Snakes Alive: [Rule-based agent], Food: 9, Hazards: 0
INFO 13:02:23.783385 Turn: 30, Snakes Alive: [Rule-based agent], Food: 9, Hazards: 0
INFO 13:02:23.785961 Turn: 31, Snakes Alive: [Rule-based agent], Food: 9, Hazards: 0
INFO 13:02:23.788191 Turn: 32, Snakes Alive: [Rule-based agent], Food: 9, Hazards: 0
INFO 13:02:23.790357 Turn: 33, Snakes Alive: [Rule-based agent], Food: 9, Hazards: 0
INFO 13:02:23.792462 Turn: 34, Snakes Alive: [Rule-based agent], Food: 9, Hazards: 0
INFO 13:02:23.794893 Turn: 35, Snakes Alive: [Rule-based agent], Food: 9, Hazards: 0
INFO 13:02:23.796915 Turn: 36, Snakes Alive: [Rule-based agent], Food: 9, Hazards: 0
INFO 13:02:23.799025 Turn: 37, Snakes Alive: [Rule-based agent], Food: 9, Hazards: 0
INFO 13:02:23.801250 Turn: 38, Snakes Alive: [Rule-based agent], Food: 9, Hazards: 0
INFO 13:02:23.803566 Turn: 39, Snakes Alive: [Rule-based agent], Food: 9, Hazards: 0
INFO 13:02:23.805597 Turn: 40, Snakes Alive: [Rule-based agent], Food: 9, Hazards: 0
INFO 13:02:23.807742 Turn: 41, Snakes Alive: [Rule-based agent], Food: 10, Hazards: 0
INFO 13:02:23.810080 Turn: 42, Snakes Alive: [Rule-based agent], Food: 10, Hazards: 0
INFO 13:02:23.812255 Turn: 43, Snakes Alive: [Rule-based agent], Food: 10, Hazards: 0
INFO 13:02:23.814374 Turn: 44, Snakes Alive: [Rule-based agent], Food: 10, Hazards: 0
INFO 13:02:23.816396 Turn: 45, Snakes Alive: [Rule-based agent], Food: 11, Hazards: 0
INFO 13:02:23.818737 Turn: 46, Snakes Alive: [Rule-based agent], Food: 11, Hazards: 0
INFO 13:02:23.820941 Turn: 47, Snakes Alive: [Rule-based agent], Food: 12, Hazards: 0
INFO 13:02:23.823141 Turn: 48, Snakes Alive: [Rule-based agent], Food: 12, Hazards: 0
INFO 13:02:23.825679 Turn: 49, Snakes Alive: [Rule-based agent], Food: 13, Hazards: 0
INFO 13:02:23.828038 Turn: 50, Snakes Alive: [Rule-based agent], Food: 13, Hazards: 0
INFO 13:02:23.830432 Turn: 51, Snakes Alive: [Rule-based agent], Food: 13, Hazards: 0
INFO 13:02:23.832581 Turn: 52, Snakes Alive: [Rule-based agent], Food: 13, Hazards: 0
INFO 13:02:23.834818 Turn: 53, Snakes Alive: [Rule-based agent], Food: 13, Hazards: 0
INFO 13:02:23.837148 Turn: 54, Snakes Alive: [Rule-based agent], Food: 13, Hazards: 0
INFO 13:02:23.839428 Turn: 55, Snakes Alive: [Rule-based agent], Food: 13, Hazards: 0
INFO 13:02:23.841670 Turn: 56, Snakes Alive: [Rule-based agent], Food: 13, Hazards: 0
INFO 13:02:23.844290 Turn: 57, Snakes Alive: [Rule-based agent], Food: 13, Hazards: 0
INFO 13:02:23.846574 Turn: 58, Snakes Alive: [Rule-based agent], Food: 13, Hazards: 0
INFO 13:02:23.848778 Turn: 59, Snakes Alive: [Rule-based agent], Food: 13, Hazards: 0
INFO 13:02:23.851298 Turn: 60, Snakes Alive: [Rule-based agent], Food: 13, Hazards: 0
INFO 13:02:23.853714 Turn: 61, Snakes Alive: [Rule-based agent], Food: 13, Hazards: 0
INFO 13:02:23.855896 Turn: 62, Snakes Alive: [Rule-based agent], Food: 13, Hazards: 0
INFO 13:02:23.858055 Turn: 63, Snakes Alive: [Rule-based agent], Food: 13, Hazards: 0
INFO 13:02:23.860368 Turn: 64, Snakes Alive: [Rule-based agent], Food: 14, Hazards: 0
INFO 13:02:23.862723 Turn: 65, Snakes Alive: [Rule-based agent], Food: 14, Hazards: 0
INFO 13:02:23.864983 Turn: 66, Snakes Alive: [Rule-based agent], Food: 14, Hazards: 0
INFO 13:02:23.867102 Turn: 67, Snakes Alive: [Rule-based agent], Food: 14, Hazards: 0
INFO 13:02:23.869671 Turn: 68, Snakes Alive: [Rule-based agent], Food: 14, Hazards: 0
INFO 13:02:23.871934 Turn: 69, Snakes Alive: [], Food: 15, Hazards: 0
INFO 13:02:23.873225 Game completed after 70 turns.
